Component: ARM Compiler 5.06 update 4 (build 422) Tool: armlink [4d35d2]

==============================================================================

Section Cross References

    system_stm32f10x.o(i.SetSysClock) refers to system_stm32f10x.o(i.SetSysClockTo72) for SetSysClockTo72
    system_stm32f10x.o(i.SystemInit) refers to system_stm32f10x.o(i.SetSysClock) for SetSysClock
    startup_stm32f10x_cl.o(RESET) refers to startup_stm32f10x_cl.o(STACK) for __initial_sp
    startup_stm32f10x_cl.o(RESET) refers to startup_stm32f10x_cl.o(.text) for Reset_Handler
    startup_stm32f10x_cl.o(RESET) refers to stm32f10x_it.o(i.NMI_Handler) for NMI_Handler
    startup_stm32f10x_cl.o(RESET) refers to stm32f10x_it.o(i.HardFault_Handler) for HardFault_Handler
    startup_stm32f10x_cl.o(RESET) refers to stm32f10x_it.o(i.MemManage_Handler) for MemManage_Handler
    startup_stm32f10x_cl.o(RESET) refers to stm32f10x_it.o(i.BusFault_Handler) for BusFault_Handler
    startup_stm32f10x_cl.o(RESET) refers to stm32f10x_it.o(i.UsageFault_Handler) for UsageFault_Handler
    startup_stm32f10x_cl.o(RESET) refers to stm32f10x_it.o(i.SVC_Handler) for SVC_Handler
    startup_stm32f10x_cl.o(RESET) refers to stm32f10x_it.o(i.DebugMon_Handler) for DebugMon_Handler
    startup_stm32f10x_cl.o(RESET) refers to stm32f10x_it.o(i.PendSV_Handler) for PendSV_Handler
    startup_stm32f10x_cl.o(RESET) refers to stm32f10x_it.o(i.SysTick_Handler) for SysTick_Handler
    startup_stm32f10x_cl.o(.text) refers to entry.o(.ARM.Collect$$$$00000000) for __main
    aes.o(i.mbedtls_aes_crypt_cbc) refers to memmovea.o(.text) for __aeabi_memcpy
    aes.o(i.mbedtls_aes_crypt_cbc) refers to aes.o(i.mbedtls_aes_crypt_ecb) for mbedtls_aes_crypt_ecb
    aes.o(i.mbedtls_aes_crypt_cfb128) refers to aes.o(i.mbedtls_aes_crypt_ecb) for mbedtls_aes_crypt_ecb
    aes.o(i.mbedtls_aes_crypt_cfb8) refers to memmovea.o(.text) for __aeabi_memcpy
    aes.o(i.mbedtls_aes_crypt_cfb8) refers to aes.o(i.mbedtls_aes_crypt_ecb) for mbedtls_aes_crypt_ecb
    aes.o(i.mbedtls_aes_crypt_ctr) refers to aes.o(i.mbedtls_aes_crypt_ecb) for mbedtls_aes_crypt_ecb
    aes.o(i.mbedtls_aes_crypt_ecb) refers to aes.o(i.mbedtls_internal_aes_encrypt) for mbedtls_internal_aes_encrypt
    aes.o(i.mbedtls_aes_crypt_ecb) refers to aes.o(i.mbedtls_internal_aes_decrypt) for mbedtls_internal_aes_decrypt
    aes.o(i.mbedtls_aes_crypt_ofb) refers to aes.o(i.mbedtls_aes_crypt_ecb) for mbedtls_aes_crypt_ecb
    aes.o(i.mbedtls_aes_crypt_xts) refers to aes.o(i.mbedtls_aes_crypt_ecb) for mbedtls_aes_crypt_ecb
    aes.o(i.mbedtls_aes_crypt_xts) refers to aes.o(i.mbedtls_gf128mul_x_ble) for mbedtls_gf128mul_x_ble
    aes.o(i.mbedtls_aes_decrypt) refers to aes.o(i.mbedtls_internal_aes_decrypt) for mbedtls_internal_aes_decrypt
    aes.o(i.mbedtls_aes_encrypt) refers to aes.o(i.mbedtls_internal_aes_encrypt) for mbedtls_internal_aes_encrypt
    aes.o(i.mbedtls_aes_free) refers to platform_util.o(i.mbedtls_platform_zeroize) for mbedtls_platform_zeroize
    aes.o(i.mbedtls_aes_init) refers to memseta.o(.text) for __aeabi_memclr4
    aes.o(i.mbedtls_aes_self_test) refers to memseta.o(.text) for __aeabi_memclr4
    aes.o(i.mbedtls_aes_self_test) refers to aes.o(i.mbedtls_aes_init) for mbedtls_aes_init
    aes.o(i.mbedtls_aes_self_test) refers to printf8.o(i.__0printf$8) for __2printf
    aes.o(i.mbedtls_aes_self_test) refers to aes.o(i.mbedtls_aes_setkey_dec) for mbedtls_aes_setkey_dec
    aes.o(i.mbedtls_aes_self_test) refers to aes.o(i.mbedtls_aes_setkey_enc) for mbedtls_aes_setkey_enc
    aes.o(i.mbedtls_aes_self_test) refers to aes.o(i.mbedtls_aes_crypt_ecb) for mbedtls_aes_crypt_ecb
    aes.o(i.mbedtls_aes_self_test) refers to memcmp.o(.text) for memcmp
    aes.o(i.mbedtls_aes_self_test) refers to aes.o(i.mbedtls_aes_crypt_cbc) for mbedtls_aes_crypt_cbc
    aes.o(i.mbedtls_aes_self_test) refers to memmovea.o(.text) for __aeabi_memcpy
    aes.o(i.mbedtls_aes_self_test) refers to aes.o(i.mbedtls_aes_crypt_cfb128) for mbedtls_aes_crypt_cfb128
    aes.o(i.mbedtls_aes_self_test) refers to aes.o(i.mbedtls_aes_crypt_ofb) for mbedtls_aes_crypt_ofb
    aes.o(i.mbedtls_aes_self_test) refers to aes.o(.constdata) for aes_test_ecb_dec
    aes.o(i.mbedtls_aes_self_test) refers to aes.o(i.mbedtls_aes_crypt_ctr) for mbedtls_aes_crypt_ctr
    aes.o(i.mbedtls_aes_self_test) refers to aes.o(i.mbedtls_aes_xts_init) for mbedtls_aes_xts_init
    aes.o(i.mbedtls_aes_self_test) refers to aes.o(i.mbedtls_aes_xts_setkey_dec) for mbedtls_aes_xts_setkey_dec
    aes.o(i.mbedtls_aes_self_test) refers to aes.o(i.mbedtls_aes_xts_setkey_enc) for mbedtls_aes_xts_setkey_enc
    aes.o(i.mbedtls_aes_self_test) refers to aes.o(i.mbedtls_aes_crypt_xts) for mbedtls_aes_crypt_xts
    aes.o(i.mbedtls_aes_self_test) refers to aes.o(i.mbedtls_aes_xts_free) for mbedtls_aes_xts_free
    aes.o(i.mbedtls_aes_self_test) refers to aes.o(i.mbedtls_aes_free) for mbedtls_aes_free
[...]
    SetSysClock                              0x080006ff   Thumb Code     8  system_stm32f10x.o(i.SetSysClock)
    i.SetSysClockTo72                        0x08000708   Section        0  system_stm32f10x.o(i.SetSysClockTo72)
    SetSysClockTo72                          0x08000709   Thumb Code   220  system_stm32f10x.o(i.SetSysClockTo72)
    i.SysTick_Handler                        0x080007ec   Section        0  stm32f10x_it.o(i.SysTick_Handler)
    i.SysTick_Initaize                       0x080007f0   Section        0  systickdelay.o(i.SysTick_Initaize)
    i.SystemInit                             0x0800083c   Section        0  system_stm32f10x.o(i.SystemInit)
    i.USART_Cmd                              0x08000890   Section        0  stm32f10x_usart.o(i.USART_Cmd)
    i.USART_Configuration                    0x080008a8   Section        0  uart_interface.o(i.USART_Configuration)
    i.USART_GetFlagStatus                    0x080008d0   Section        0  stm32f10x_usart.o(i.USART_GetFlagStatus)
    i.USART_Init                             0x080008ec   Section        0  stm32f10x_usart.o(i.USART_Init)
    i.USART_SendData                         0x0800098c   Section        0  stm32f10x_usart.o(i.USART_SendData)
    i.UsageFault_Handler                     0x08000994   Section        0  stm32f10x_it.o(i.UsageFault_Handler)
    i.__0printf$8                            0x08000998   Section        0  printf8.o(i.__0printf$8)
    i.__scatterload_copy                     0x080009b8   Section       14  handlers.o(i.__scatterload_copy)
    i.__scatterload_null                     0x080009c6   Section        2  handlers.o(i.__scatterload_null)
    i.__scatterload_zeroinit                 0x080009c8   Section       14  handlers.o(i.__scatterload_zeroinit)
    i._printf_core                           0x080009d8   Section        0  printf8.o(i._printf_core)
    _printf_core                             0x080009d9   Thumb Code   996  printf8.o(i._printf_core)
    i._printf_post_padding                   0x08000de8   Section        0  printf8.o(i._printf_post_padding)
    _printf_post_padding                     0x08000de9   Thumb Code    36  printf8.o(i._printf_post_padding)
    i._printf_pre_padding                    0x08000e0c   Section        0  printf8.o(i._printf_pre_padding)
    _printf_pre_padding                      0x08000e0d   Thumb Code    46  printf8.o(i._printf_pre_padding)
    i.add32                                  0x08000e3a   Section        0  ecp_curves.o(i.add32)
    add32                                    0x08000e3b   Thumb Code    32  ecp_curves.o(i.add32)
    i.add64                                  0x08000e5a   Section        0  ecp_curves.o(i.add64)
    add64                                    0x08000e5b   Thumb Code    74  ecp_curves.o(i.add64)
    i.block_cipher_df                        0x08000ea4   Section        0  ctr_drbg.o(i.block_cipher_df)
    block_cipher_df                          0x08000ea5   Thumb Code   368  ctr_drbg.o(i.block_cipher_df)
    i.carry64                                0x08001014   Section        0  ecp_curves.o(i.carry64)
    carry64                                  0x08001015   Thumb Code    42  ecp_curves.o(i.carry64)
    i.ct_lt_mpi_uint                         0x0800103e   Section        0  bignum.o(i.ct_lt_mpi_uint)
    ct_lt_mpi_uint                           0x0800103f   Thumb Code    24  bignum.o(i.ct_lt_mpi_uint)
    i.ctr_drbg_update_internal               0x08001056   Section        0  ctr_drbg.o(i.ctr_drbg_update_internal)
    ctr_drbg_update_internal                 0x08001057   Thumb Code   160  ctr_drbg.o(i.ctr_drbg_update_internal)
    i.delay_ms                               0x080010f8   Section        0  systickdelay.o(i.delay_ms)
    i.dump_buf                               0x08001140   Section        0  main.o(i.dump_buf)
    dump_buf                                 0x08001141   Thumb Code    80  main.o(i.dump_buf)
    i.ecdh_compute_shared_restartable        0x080011b4   Section        0  ecdh.o(i.ecdh_compute_shared_restartable)
    ecdh_compute_shared_restartable          0x080011b5   Thumb Code   110  ecdh.o(i.ecdh_compute_shared_restartable)
    i.ecdh_gen_public_restartable            0x08001228   Section        0  ecdh.o(i.ecdh_gen_public_restartable)
    ecdh_gen_public_restartable              0x08001229   Thumb Code    82  ecdh.o(i.ecdh_gen_public_restartable)
    i.ecdh_test                              0x0800127c   Section        0  main.o(i.ecdh_test)
    i.ecp_add_mixed                          0x080015d0   Section        0  ecp.o(i.ecp_add_mixed)
    ecp_add_mixed                            0x080015d1   Thumb Code   760  ecp.o(i.ecp_add_mixed)
    i.ecp_check_pubkey_mx                    0x080018d0   Section        0  ecp.o(i.ecp_check_pubkey_mx)
    ecp_check_pubkey_mx                      0x080018d1   Thumb Code    30  ecp.o(i.ecp_check_pubkey_mx)
    i.ecp_check_pubkey_sw                    0x080018f4   Section        0  ecp.o(i.ecp_check_pubkey_sw)
    ecp_check_pubkey_sw                      0x080018f5   Thumb Code   294  ecp.o(i.ecp_check_pubkey_sw)
    i.ecp_comb_recode_core                   0x08001a20   Section        0  ecp.o(i.ecp_comb_recode_core)
    ecp_comb_recode_core                     0x08001a21   Thumb Code   142  ecp.o(i.ecp_comb_recode_core)
    i.ecp_comb_recode_scalar                 0x08001ab0   Section        0  ecp.o(i.ecp_comb_recode_scalar)
    ecp_comb_recode_scalar                   0x08001ab1   Thumb Code   174  ecp.o(i.ecp_comb_recode_scalar)
    i.ecp_double_add_mxz                     0x08001b64   Section        0  ecp.o(i.ecp_double_add_mxz)
    ecp_double_add_mxz                       0x08001b65   Thumb Code   594  ecp.o(i.ecp_double_add_mxz)
    i.ecp_double_jac                         0x08001db8   Section        0  ecp.o(i.ecp_double_jac)
    ecp_double_jac                           0x08001db9   Thumb Code   776  ecp.o(i.ecp_double_jac)
    i.ecp_group_load                         0x080020c4   Section        0  ecp_curves.o(i.ecp_group_load)
    ecp_group_load                           0x080020c5   Thumb Code   136  ecp_curves.o(i.ecp_group_load)
    i.ecp_mod_koblitz                        0x08002150   Section        0  ecp_curves.o(i.ecp_mod_koblitz)
    ecp_mod_koblitz                          0x08002151   Thumb Code   406  ecp_curves.o(i.ecp_mod_koblitz)
    i.ecp_mod_p192                           0x080022e6   Section        0  ecp_curves.o(i.ecp_mod_p192)
    ecp_mod_p192                             0x080022e7   Thumb Code   182  ecp_curves.o(i.ecp_mod_p192)
    i.ecp_mod_p192k1                         0x0800239c   Section        0  ecp_curves.o(i.ecp_mod_p192k1)
    ecp_mod_p192k1                           0x0800239d   Thumb Code    24  ecp_curves.o(i.ecp_mod_p192k1)
    i.ecp_mod_p224                           0x080023b8   Section        0  ecp_curves.o(i.ecp_mod_p224)
    ecp_mod_p224                             0x080023b9   Thumb Code   678  ecp_curves.o(i.ecp_mod_p224)
    i.ecp_mod_p224k1                         0x08002660   Section        0  ecp_curves.o(i.ecp_mod_p224k1)
    ecp_mod_p224k1                           0x08002661   Thumb Code    24  ecp_curves.o(i.ecp_mod_p224k1)
    i.ecp_mod_p255                           0x0800267c   Section        0  ecp_curves.o(i.ecp_mod_p255)
    ecp_mod_p255                             0x0800267d   Thumb Code   178  ecp_curves.o(i.ecp_mod_p255)
    i.ecp_mod_p256                           0x08002734   Section        0  ecp_curves.o(i.ecp_mod_p256)
    ecp_mod_p256                             0x08002735   Thumb Code  1186  ecp_curves.o(i.ecp_mod_p256)
    i.ecp_mod_p256k1                         0x08002bd8   Section        0  ecp_curves.o(i.ecp_mod_p256k1)
    ecp_mod_p256k1                           0x08002bd9   Thumb Code    24  ecp_curves.o(i.ecp_mod_p256k1)
    i.ecp_mod_p384                           0x08002bf4   Section        0  ecp_curves.o(i.ecp_mod_p384)
    ecp_mod_p384                             0x08002bf5   Thumb Code  1526  ecp_curves.o(i.ecp_mod_p384)
    i.ecp_mod_p448                           0x080031ec   Section        0  ecp_curves.o(i.ecp_mod_p448)
    ecp_mod_p448                             0x080031ed   Thumb Code   254  ecp_curves.o(i.ecp_mod_p448)
    i.ecp_mod_p521                           0x080032f0   Section        0  ecp_curves.o(i.ecp_mod_p521)
    ecp_mod_p521                             0x080032f1   Thumb Code   140  ecp_curves.o(i.ecp_mod_p521)
    i.ecp_modp                               0x0800337c   Section        0  ecp.o(i.ecp_modp)
    ecp_modp                                 0x0800337d   Thumb Code   156  ecp.o(i.ecp_modp)
    i.ecp_mpi_load                           0x0800341c   Section        0  ecp_curves.o(i.ecp_mpi_load)
    ecp_mpi_load                             0x0800341d   Thumb Code    12  ecp_curves.o(i.ecp_mpi_load)
    i.ecp_mul_comb                           0x08003428   Section        0  ecp.o(i.ecp_mul_comb)
    ecp_mul_comb                             0x08003429   Thumb Code   290  ecp.o(i.ecp_mul_comb)
    i.ecp_mul_comb_after_precomp             0x08003550   Section        0  ecp.o(i.ecp_mul_comb_after_precomp)
    ecp_mul_comb_after_precomp               0x08003551   Thumb Code   178  ecp.o(i.ecp_mul_comb_after_precomp)
    i.ecp_mul_comb_core                      0x08003602   Section        0  ecp.o(i.ecp_mul_comb_core)
    ecp_mul_comb_core                        0x08003603   Thumb Code   196  ecp.o(i.ecp_mul_comb_core)
    i.ecp_mul_mxz                            0x080036c6   Section        0  ecp.o(i.ecp_mul_mxz)
    ecp_mul_mxz                              0x080036c7   Thumb Code   384  ecp.o(i.ecp_mul_mxz)
    i.ecp_normalize_jac                      0x08003846   Section        0  ecp.o(i.ecp_normalize_jac)
    ecp_normalize_jac                        0x08003847   Thumb Code   194  ecp.o(i.ecp_normalize_jac)
    i.ecp_normalize_jac_many                 0x08003908   Section        0  ecp.o(i.ecp_normalize_jac_many)
    ecp_normalize_jac_many                   0x08003909   Thumb Code   538  ecp.o(i.ecp_normalize_jac_many)
    i.ecp_normalize_mxz                      0x08003b28   Section        0  ecp.o(i.ecp_normalize_mxz)
    ecp_normalize_mxz                        0x08003b29   Thumb Code    82  ecp.o(i.ecp_normalize_mxz)
    i.ecp_pick_window_size                   0x08003b7a   Section        0  ecp.o(i.ecp_pick_window_size)
    ecp_pick_window_size                     0x08003b7b   Thumb Code    34  ecp.o(i.ecp_pick_window_size)
    i.ecp_precompute_comb                    0x08003b9c   Section        0  ecp.o(i.ecp_precompute_comb)
    ecp_precompute_comb                      0x08003b9d   Thumb Code   322  ecp.o(i.ecp_precompute_comb)
    i.ecp_randomize_jac                      0x08003ce0   Section        0  ecp.o(i.ecp_randomize_jac)
    ecp_randomize_jac                        0x08003ce1   Thumb Code   274  ecp.o(i.ecp_randomize_jac)
    i.ecp_randomize_mxz                      0x08003df8   Section        0  ecp.o(i.ecp_randomize_mxz)
    ecp_randomize_mxz                        0x08003df9   Thumb Code   184  ecp.o(i.ecp_randomize_mxz)
    i.ecp_safe_invert_jac                    0x08003eb4   Section        0  ecp.o(i.ecp_safe_invert_jac)
    ecp_safe_invert_jac                      0x08003eb5   Thumb Code   100  ecp.o(i.ecp_safe_invert_jac)
    i.ecp_select_comb                        0x08003f18   Section        0  ecp.o(i.ecp_select_comb)
    ecp_select_comb                          0x08003f19   Thumb Code   150  ecp.o(i.ecp_select_comb)
    i.ecp_use_curve25519                     0x08003fb0   Section        0  ecp_curves.o(i.ecp_use_curve25519)
    ecp_use_curve25519                       0x08003fb1   Thumb Code   204  ecp_curves.o(i.ecp_use_curve25519)
    i.ecp_use_curve448                       0x080040a8   Section        0  ecp_curves.o(i.ecp_use_curve448)
    ecp_use_curve448                         0x080040a9   Thumb Code   278  ecp_curves.o(i.ecp_use_curve448)
    i.entropy_gather_internal                0x08004204   Section        0  entropy.o(i.entropy_gather_internal)
    entropy_gather_internal                  0x08004205   Thumb Code   178  entropy.o(i.entropy_gather_internal)
    i.entropy_update                         0x080042b6   Section        0  entropy.o(i.entropy_update)
    entropy_update                           0x080042b7   Thumb Code   140  entropy.o(i.entropy_update)
    i.fix_negative                           0x08004342   Section        0  ecp_curves.o(i.fix_negative)
    fix_negative                             0x08004343   Thumb Code    62  ecp_curves.o(i.fix_negative)
    i.fputc                                  0x08004380   Section        0  uart_interface.o(i.fputc)
    i.free                                   0x08004394   Section        0  malloc.o(i.free)
    i.good_nonce_len                         0x080043e4   Section        0  ctr_drbg.o(i.good_nonce_len)
    good_nonce_len                           0x080043e5   Thumb Code    16  ctr_drbg.o(i.good_nonce_len)
    i.main                                   0x080043f4   Section        0  main.o(i.main)
    i.malloc                                 0x08004444   Section        0  malloc.o(i.malloc)
    i.mbedtls_aes_crypt_ecb                  0x080044b0   Section        0  aes.o(i.mbedtls_aes_crypt_ecb)
    i.mbedtls_aes_free                       0x080044ea   Section        0  aes.o(i.mbedtls_aes_free)
    i.mbedtls_aes_init                       0x08004500   Section        0  aes.o(i.mbedtls_aes_init)
    i.mbedtls_aes_setkey_enc                 0x08004514   Section        0  aes.o(i.mbedtls_aes_setkey_enc)
    i.mbedtls_clz                            0x08004714   Section        0  bignum.o(i.mbedtls_clz)
    mbedtls_clz                              0x08004715   Thumb Code    30  bignum.o(i.mbedtls_clz)
    i.mbedtls_ctr_drbg_free                  0x08004732   Section        0  ctr_drbg.o(i.mbedtls_ctr_drbg_free)
    i.mbedtls_ctr_drbg_init                  0x08004750   Section        0  ctr_drbg.o(i.mbedtls_ctr_drbg_init)
    i.mbedtls_ctr_drbg_random                0x08004766   Section        0  ctr_drbg.o(i.mbedtls_ctr_drbg_random)
    i.mbedtls_ctr_drbg_random_with_add       0x0800478e   Section        0  ctr_drbg.o(i.mbedtls_ctr_drbg_random_with_add)
    i.mbedtls_ctr_drbg_reseed                0x0800488c   Section        0  ctr_drbg.o(i.mbedtls_ctr_drbg_reseed)
    i.mbedtls_ctr_drbg_reseed_internal       0x080048a2   Section        0  ctr_drbg.o(i.mbedtls_ctr_drbg_reseed_internal)
    mbedtls_ctr_drbg_reseed_internal         0x080048a3   Thumb Code   210  ctr_drbg.o(i.mbedtls_ctr_drbg_reseed_internal)
    i.mbedtls_ctr_drbg_seed                  0x08004974   Section        0  ctr_drbg.o(i.mbedtls_ctr_drbg_seed)
    i.mbedtls_ecdh_compute_shared            0x080049f8   Section        0  ecdh.o(i.mbedtls_ecdh_compute_shared)
    i.mbedtls_ecdh_gen_public                0x08004a30   Section        0  ecdh.o(i.mbedtls_ecdh_gen_public)
    i.mbedtls_ecp_check_privkey              0x08004a68   Section        0  ecp.o(i.mbedtls_ecp_check_privkey)
    i.mbedtls_ecp_check_pubkey               0x08004af8   Section        0  ecp.o(i.mbedtls_ecp_check_pubkey)
    i.mbedtls_ecp_copy                       0x08004b4c   Section        0  ecp.o(i.mbedtls_ecp_copy)
    i.mbedtls_ecp_gen_privkey                0x08004ba4   Section        0  ecp.o(i.mbedtls_ecp_gen_privkey)
    i.mbedtls_ecp_get_type                   0x08004d00   Section        0  ecp.o(i.mbedtls_ecp_get_type)
    i.mbedtls_ecp_group_free                 0x08004d16   Section        0  ecp.o(i.mbedtls_ecp_group_free)
    i.mbedtls_ecp_group_init                 0x08004d7a   Section        0  ecp.o(i.mbedtls_ecp_group_init)
    i.mbedtls_ecp_group_load                 0x08004dc4   Section        0  ecp_curves.o(i.mbedtls_ecp_group_load)
    i.mbedtls_ecp_is_zero                    0x08005158   Section        0  ecp.o(i.mbedtls_ecp_is_zero)
    i.mbedtls_ecp_mul_restartable            0x08005174   Section        0  ecp.o(i.mbedtls_ecp_mul_restartable)
    i.mbedtls_ecp_point_free                 0x08005220   Section        0  ecp.o(i.mbedtls_ecp_point_free)
    i.mbedtls_ecp_point_init                 0x08005242   Section        0  ecp.o(i.mbedtls_ecp_point_init)
    i.mbedtls_ecp_point_write_binary         0x08005264   Section        0  ecp.o(i.mbedtls_ecp_point_write_binary)
    i.mbedtls_ecp_set_zero                   0x08005384   Section        0  ecp.o(i.mbedtls_ecp_set_zero)
    i.mbedtls_entropy_free                   0x080053d0   Section        0  entropy.o(i.mbedtls_entropy_free)
    i.mbedtls_entropy_func                   0x080053f4   Section        0  entropy.o(i.mbedtls_entropy_func)
    i.mbedtls_entropy_init                   0x0800553e   Section        0  entropy.o(i.mbedtls_entropy_init)
    i.mbedtls_int_div_int                    0x08005562   Section        0  bignum.o(i.mbedtls_int_div_int)
    mbedtls_int_div_int                      0x08005563   Thumb Code   104  bignum.o(i.mbedtls_int_div_int)
    i.mbedtls_internal_aes_decrypt           0x080055cc   Section        0  aes.o(i.mbedtls_internal_aes_decrypt)
    i.mbedtls_internal_aes_encrypt           0x08005b40   Section        0  aes.o(i.mbedtls_internal_aes_encrypt)
    i.mbedtls_internal_sha512_process        0x080060b4   Section        0  sha512.o(i.mbedtls_internal_sha512_process)
    i.mbedtls_mpi_add_abs                    0x08006f00   Section        0  bignum.o(i.mbedtls_mpi_add_abs)
    i.mbedtls_mpi_add_int                    0x08007004   Section        0  bignum.o(i.mbedtls_mpi_add_int)
    i.mbedtls_mpi_add_mod                    0x08007044   Section        0  ecp.o(i.mbedtls_mpi_add_mod)
    mbedtls_mpi_add_mod                      0x08007045   Thumb Code    82  ecp.o(i.mbedtls_mpi_add_mod)
    i.mbedtls_mpi_add_mpi                    0x08007096   Section        0  bignum.o(i.mbedtls_mpi_add_mpi)
    i.mbedtls_mpi_bitlen                     0x0800711a   Section        0  bignum.o(i.mbedtls_mpi_bitlen)
    i.mbedtls_mpi_cmp_abs                    0x08007152   Section        0  bignum.o(i.mbedtls_mpi_cmp_abs)
    i.mbedtls_mpi_cmp_int                    0x080071e4   Section        0  bignum.o(i.mbedtls_mpi_cmp_int)
    i.mbedtls_mpi_cmp_mpi                    0x0800721c   Section        0  bignum.o(i.mbedtls_mpi_cmp_mpi)
    i.mbedtls_mpi_copy                       0x080072d0   Section        0  bignum.o(i.mbedtls_mpi_copy)
    i.mbedtls_mpi_div_mpi                    0x08007350   Section        0  bignum.o(i.mbedtls_mpi_div_mpi)
    i.mbedtls_mpi_fill_random                0x08007716   Section        0  bignum.o(i.mbedtls_mpi_fill_random)
    i.mbedtls_mpi_free                       0x0800779a   Section        0  bignum.o(i.mbedtls_mpi_free)
    i.mbedtls_mpi_gcd                        0x080077c2   Section        0  bignum.o(i.mbedtls_mpi_gcd)
    i.mbedtls_mpi_get_bit                    0x0800793a   Section        0  bignum.o(i.mbedtls_mpi_get_bit)
    i.mbedtls_mpi_grow                       0x08007960   Section        0  bignum.o(i.mbedtls_mpi_grow)
    i.mbedtls_mpi_init                       0x080079b6   Section        0  bignum.o(i.mbedtls_mpi_init)
    i.mbedtls_mpi_inv_mod                    0x080079c6   Section        0  bignum.o(i.mbedtls_mpi_inv_mod)
    i.mbedtls_mpi_lsb                        0x08007d04   Section        0  bignum.o(i.mbedtls_mpi_lsb)
    i.mbedtls_mpi_lset                       0x08007d3c   Section        0  bignum.o(i.mbedtls_mpi_lset)
    i.mbedtls_mpi_lt_mpi_ct                  0x08007d88   Section        0  bignum.o(i.mbedtls_mpi_lt_mpi_ct)
    i.mbedtls_mpi_mod_mpi                    0x08007e34   Section        0  bignum.o(i.mbedtls_mpi_mod_mpi)
    i.mbedtls_mpi_mul_int                    0x08007ec2   Section        0  bignum.o(i.mbedtls_mpi_mul_int)
    i.mbedtls_mpi_mul_mod                    0x08007eec   Section        0  ecp.o(i.mbedtls_mpi_mul_mod)
    mbedtls_mpi_mul_mod                      0x08007eed   Thumb Code    80  ecp.o(i.mbedtls_mpi_mul_mod)
    i.mbedtls_mpi_mul_mpi                    0x08007f40   Section        0  bignum.o(i.mbedtls_mpi_mul_mpi)
    i.mbedtls_mpi_read_string                0x08008038   Section        0  bignum.o(i.mbedtls_mpi_read_string)
    i.mbedtls_mpi_safe_cond_assign           0x080081ba   Section        0  bignum.o(i.mbedtls_mpi_safe_cond_assign)
    i.mbedtls_mpi_safe_cond_swap             0x08008248   Section        0  bignum.o(i.mbedtls_mpi_safe_cond_swap)
    i.mbedtls_mpi_set_bit                    0x08008300   Section        0  bignum.o(i.mbedtls_mpi_set_bit)
    i.mbedtls_mpi_shift_l                    0x08008374   Section        0  bignum.o(i.mbedtls_mpi_shift_l)
    i.mbedtls_mpi_shift_l_mod                0x0800843e   Section        0  ecp.o(i.mbedtls_mpi_shift_l_mod)
    mbedtls_mpi_shift_l_mod                  0x0800843f   Thumb Code    74  ecp.o(i.mbedtls_mpi_shift_l_mod)
    i.mbedtls_mpi_shift_r                    0x08008488   Section        0  bignum.o(i.mbedtls_mpi_shift_r)
    i.mbedtls_mpi_shrink                     0x08008532   Section        0  bignum.o(i.mbedtls_mpi_shrink)
    i.mbedtls_mpi_size                       0x080085b4   Section        0  bignum.o(i.mbedtls_mpi_size)
    i.mbedtls_mpi_sub_abs                    0x080085c4   Section        0  bignum.o(i.mbedtls_mpi_sub_abs)
    i.mbedtls_mpi_sub_int                    0x08008660   Section        0  bignum.o(i.mbedtls_mpi_sub_int)
    i.mbedtls_mpi_sub_mod                    0x080086a0   Section        0  ecp.o(i.mbedtls_mpi_sub_mod)
    mbedtls_mpi_sub_mod                      0x080086a1   Thumb Code    88  ecp.o(i.mbedtls_mpi_sub_mod)
    i.mbedtls_mpi_sub_mpi                    0x080086f8   Section        0  bignum.o(i.mbedtls_mpi_sub_mpi)
    i.mbedtls_mpi_write_binary               0x0800877c   Section        0  bignum.o(i.mbedtls_mpi_write_binary)
    i.mbedtls_mpi_write_binary_le            0x080087fe   Section        0  bignum.o(i.mbedtls_mpi_write_binary_le)
    i.mbedtls_mpi_zeroize                    0x08008868   Section        0  bignum.o(i.mbedtls_mpi_zeroize)
    mbedtls_mpi_zeroize                      0x08008869   Thumb Code    16  bignum.o(i.mbedtls_mpi_zeroize)
    i.mbedtls_platform_zeroize               0x08008878   Section        0  platform_util.o(i.mbedtls_platform_zeroize)
    i.mbedtls_sha512_finish_ret              0x08008898   Section        0  sha512.o(i.mbedtls_sha512_finish_ret)
    i.mbedtls_sha512_free                    0x08008c78   Section        0  sha512.o(i.mbedtls_sha512_free)
    i.mbedtls_sha512_init                    0x08008c8c   Section        0  sha512.o(i.mbedtls_sha512_init)
    i.mbedtls_sha512_ret                     0x08008c9e   Section        0  sha512.o(i.mbedtls_sha512_ret)
    i.mbedtls_sha512_starts_ret              0x08008d04   Section        0  sha512.o(i.mbedtls_sha512_starts_ret)
    i.mbedtls_sha512_update_ret              0x08008e28   Section        0  sha512.o(i.mbedtls_sha512_update_ret)
    i.mpi_bigendian_to_host                  0x08008eda   Section        0  bignum.o(i.mpi_bigendian_to_host)
    mpi_bigendian_to_host                    0x08008edb   Thumb Code    56  bignum.o(i.mpi_bigendian_to_host)
    i.mpi_get_digit                          0x08008f12   Section        0  bignum.o(i.mpi_get_digit)
    mpi_get_digit                            0x08008f13   Thumb Code    64  bignum.o(i.mpi_get_digit)
    i.mpi_mul_hlp                            0x08008f52   Section        0  bignum.o(i.mpi_mul_hlp)
    mpi_mul_hlp                              0x08008f53   Thumb Code  1596  bignum.o(i.mpi_mul_hlp)
    i.mpi_sub_hlp                            0x0800958e   Section        0  bignum.o(i.mpi_sub_hlp)
    mpi_sub_hlp                              0x0800958f   Thumb Code    98  bignum.o(i.mpi_sub_hlp)
    i.mpi_uint_bigendian_to_host             0x080095f0   Section        0  bignum.o(i.mpi_uint_bigendian_to_host)
    mpi_uint_bigendian_to_host               0x080095f1   Thumb Code    12  bignum.o(i.mpi_uint_bigendian_to_host)
    i.mpi_uint_bigendian_to_host_c           0x080095fc   Section        0  bignum.o(i.mpi_uint_bigendian_to_host_c)
    mpi_uint_bigendian_to_host_c             0x080095fd   Thumb Code    28  bignum.o(i.mpi_uint_bigendian_to_host_c)
    i.sub32                                  0x08009618   Section        0  ecp_curves.o(i.sub32)
    sub32                                    0x08009619   Thumb Code    32  ecp_curves.o(i.sub32)
    .constdata                               0x08009638   Section       20  system_stm32f10x.o(.constdata)
    .constdata                               0x0800964c   Section    10404  aes.o(.constdata)
    FSb                                      0x0800964c   Data         256  aes.o(.constdata)
    FT0                                      0x0800974c   Data        1024  aes.o(.constdata)
    FT1                                      0x08009b4c   Data        1024  aes.o(.constdata)
    FT2                                      0x08009f4c   Data        1024  aes.o(.constdata)
    FT3                                      0x0800a34c   Data        1024  aes.o(.constdata)
    RSb                                      0x0800a74c   Data         256  aes.o(.constdata)
    RT0                                      0x0800a84c   Data        1024  aes.o(.constdata)
    RT1                                      0x0800ac4c   Data        1024  aes.o(.constdata)
    RT2                                      0x0800b04c   Data        1024  aes.o(.constdata)
    RT3                                      0x0800b44c   Data        1024  aes.o(.constdata)
    RCON                                     0x0800b84c   Data          40  aes.o(.constdata)
    aes_test_ecb_dec                         0x0800b874   Data          48  aes.o(.constdata)
    aes_test_ecb_enc                         0x0800b8a4   Data          48  aes.o(.constdata)
    aes_test_cbc_dec                         0x0800b8d4   Data          48  aes.o(.constdata)
    aes_test_cbc_enc                         0x0800b904   Data          48  aes.o(.constdata)
    aes_test_cfb128_key                      0x0800b934   Data          96  aes.o(.constdata)
    aes_test_cfb128_iv                       0x0800b994   Data          16  aes.o(.constdata)
    aes_test_cfb128_pt                       0x0800b9a4   Data          64  aes.o(.constdata)
    aes_test_cfb128_ct                       0x0800b9e4   Data         192  aes.o(.constdata)
    aes_test_ofb_key                         0x0800baa4   Data          96  aes.o(.constdata)
    aes_test_ofb_iv                          0x0800bb04   Data          16  aes.o(.constdata)
    aes_test_ofb_pt                          0x0800bb14   Data          64  aes.o(.constdata)
    aes_test_ofb_ct                          0x0800bb54   Data         192  aes.o(.constdata)
    aes_test_ctr_key                         0x0800bc14   Data          48  aes.o(.constdata)
    aes_test_ctr_nonce_counter               0x0800bc44   Data          48  aes.o(.constdata)
    aes_test_ctr_pt                          0x0800bc74   Data         144  aes.o(.constdata)
    aes_test_ctr_ct                          0x0800bd04   Data         144  aes.o(.constdata)
    aes_test_ctr_len                         0x0800bd94   Data          12  aes.o(.constdata)
    aes_test_xts_key                         0x0800bda0   Data          96  aes.o(.constdata)
    aes_test_xts_pt32                        0x0800be00   Data          96  aes.o(.constdata)
    aes_test_xts_ct32                        0x0800be60   Data          96  aes.o(.constdata)
    aes_test_xts_data_unit                   0x0800bec0   Data          48  aes.o(.constdata)
    .constdata                               0x0800bef0   Section     2232  ecp_curves.o(.constdata)
    secp192r1_p                              0x0800bef0   Data          24  ecp_curves.o(.constdata)
    secp192r1_b                              0x0800bf08   Data          24  ecp_curves.o(.constdata)
    secp192r1_gx                             0x0800bf20   Data          24  ecp_curves.o(.constdata)
    secp192r1_gy                             0x0800bf38   Data          24  ecp_curves.o(.constdata)
    secp192r1_n                              0x0800bf50   Data          24  ecp_curves.o(.constdata)
    secp224r1_p                              0x0800bf68   Data          32  ecp_curves.o(.constdata)
    secp224r1_b                              0x0800bf88   Data          28  ecp_curves.o(.constdata)
    secp224r1_gx                             0x0800bfa4   Data          28  ecp_curves.o(.constdata)
    secp224r1_gy                             0x0800bfc0   Data          28  ecp_curves.o(.constdata)
    secp224r1_n                              0x0800bfdc   Data          28  ecp_curves.o(.constdata)
    secp256r1_p                              0x0800bff8   Data          32  ecp_curves.o(.constdata)
    secp256r1_b                              0x0800c018   Data          32  ecp_curves.o(.constdata)
    secp256r1_gx                             0x0800c038   Data          32  ecp_curves.o(.constdata)
    secp256r1_gy                             0x0800c058   Data          32  ecp_curves.o(.constdata)
    secp256r1_n                              0x0800c078   Data          32  ecp_curves.o(.constdata)
    secp384r1_p                              0x0800c098   Data          48  ecp_curves.o(.constdata)
    secp384r1_b                              0x0800c0c8   Data          48  ecp_curves.o(.constdata)
    secp384r1_gx                             0x0800c0f8   Data          48  ecp_curves.o(.constdata)
    secp384r1_gy                             0x0800c128   Data          48  ecp_curves.o(.constdata)
    secp384r1_n                              0x0800c158   Data          48  ecp_curves.o(.constdata)
    secp521r1_p                              0x0800c188   Data          68  ecp_curves.o(.constdata)
    secp521r1_b                              0x0800c1cc   Data          68  ecp_curves.o(.constdata)
    secp521r1_gx                             0x0800c210   Data          68  ecp_curves.o(.constdata)
    secp521r1_gy                             0x0800c254   Data          68  ecp_curves.o(.constdata)
    secp521r1_n                              0x0800c298   Data          68  ecp_curves.o(.constdata)
    secp192k1_p                              0x0800c2dc   Data          24  ecp_curves.o(.constdata)
    secp192k1_a                              0x0800c2f4   Data           4  ecp_curves.o(.constdata)
    secp192k1_b                              0x0800c2f8   Data           4  ecp_curves.o(.constdata)
    secp192k1_gx                             0x0800c2fc   Data          24  ecp_curves.o(.constdata)
    secp192k1_gy                             0x0800c314   Data          24  ecp_curves.o(.constdata)
    secp192k1_n                              0x0800c32c   Data          24  ecp_curves.o(.constdata)
    secp224k1_p                              0x0800c344   Data          28  ecp_curves.o(.constdata)
    secp224k1_a                              0x0800c360   Data           4  ecp_curves.o(.constdata)
    secp224k1_b                              0x0800c364   Data           4  ecp_curves.o(.constdata)
    secp224k1_gx                             0x0800c368   Data          28  ecp_curves.o(.constdata)
    secp224k1_gy                             0x0800c384   Data          28  ecp_curves.o(.constdata)
    secp224k1_n                              0x0800c3a0   Data          32  ecp_curves.o(.constdata)
    secp256k1_p                              0x0800c3c0   Data          32  ecp_curves.o(.constdata)
    secp256k1_a                              0x0800c3e0   Data           4  ecp_curves.o(.constdata)
    secp256k1_b                              0x0800c3e4   Data           4  ecp_curves.o(.constdata)
    secp256k1_gx                             0x0800c3e8   Data          32  ecp_curves.o(.constdata)
    secp256k1_gy                             0x0800c408   Data          32  ecp_curves.o(.constdata)
    secp256k1_n                              0x0800c428   Data          32  ecp_curves.o(.constdata)
    brainpoolP256r1_p                        0x0800c448   Data          32  ecp_curves.o(.constdata)
    brainpoolP256r1_a                        0x0800c468   Data          32  ecp_curves.o(.constdata)
    brainpoolP256r1_b                        0x0800c488   Data          32  ecp_curves.o(.constdata)
    brainpoolP256r1_gx                       0x0800c4a8   Data          32  ecp_curves.o(.constdata)
    brainpoolP256r1_gy                       0x0800c4c8   Data          32  ecp_curves.o(.constdata)
    brainpoolP256r1_n                        0x0800c4e8   Data          32  ecp_curves.o(.constdata)
    brainpoolP384r1_p                        0x0800c508   Data          48  ecp_curves.o(.constdata)
    brainpoolP384r1_a                        0x0800c538   Data          48  ecp_curves.o(.constdata)
    brainpoolP384r1_b                        0x0800c568   Data          48  ecp_curves.o(.constdata)
    brainpoolP384r1_gx                       0x0800c598   Data          48  ecp_curves.o(.constdata)
    brainpoolP384r1_gy                       0x0800c5c8   Data          48  ecp_curves.o(.constdata)
    brainpoolP384r1_n                        0x0800c5f8   Data          48  ecp_curves.o(.constdata)
    brainpoolP512r1_p                        0x0800c628   Data          64  ecp_curves.o(.constdata)
    brainpoolP512r1_a                        0x0800c668   Data          64  ecp_curves.o(.constdata)
    brainpoolP512r1_b                        0x0800c6a8   Data          64  ecp_curves.o(.constdata)
    brainpoolP512r1_gx                       0x0800c6e8   Data          64  ecp_curves.o(.constdata)
    brainpoolP512r1_gy                       0x0800c728   Data          64  ecp_curves.o(.constdata)
    brainpoolP512r1_n                        0x0800c768   Data          64  ecp_curves.o(.constdata)
    .constdata                               0x0800c7a8   Section     1376  sha512.o(.constdata)
    K                                        0x0800c7a8   Data         640  sha512.o(.constdata)
    sha512_test_buf                          0x0800ca28   Data         339  sha512.o(.constdata)
    sha512_test_buflen                       0x0800cb7c   Data          12  sha512.o(.constdata)
    sha512_test_sum                          0x0800cb88   Data         384  sha512.o(.constdata)
    .constdata                               0x0800cd08   Section       80  eval.o(.constdata)
    .data                                    0x20000000   Section       16  ecp.o(.data)
    add_count                                0x20000000   Data           4  ecp.o(.data)
    dbl_count                                0x20000004   Data           4  ecp.o(.data)
    mul_count                                0x20000008   Data           4  ecp.o(.data)
    init_done                                0x2000000c   Data           4  ecp.o(.data)
    .data                                    0x20000010   Section       28  ecp_curves.o(.data)
    one                                      0x20000010   Data           4  ecp_curves.o(.data)
    Rp                                       0x20000014   Data           8  ecp_curves.o(.data)
    Rp                                       0x2000001c   Data           8  ecp_curves.o(.data)
    Rp                                       0x20000024   Data           8  ecp_curves.o(.data)
    .data                                    0x2000002c   Section        4  platform_util.o(.data)
    memset_func                              0x2000002c   Data           4  platform_util.o(.data)
    .data                                    0x20000030   Section       36  eval.o(.data)
    .data                                    0x20000054   Section        4  systickdelay.o(.data)
    fac_us                                   0x20000054   Data           1  systickdelay.o(.data)
    fac_ms                                   0x20000056   Data           2  systickdelay.o(.data)
    .data                                    0x20000058   Section       20  stm32f10x_rcc.o(.data)
    APBAHBPrescTable                         0x20000058   Data          16  stm32f10x_rcc.o(.data)
    ADCPrescTable                            0x20000068   Data           4  stm32f10x_rcc.o(.data)
    .data                                    0x2000006c   Section        4  stdout.o(.data)
    .data                                    0x20000070   Section        4  mvars.o(.data)
    .data                                    0x20000074   Section        4  mvars.o(.data)
    .bss                                     0x20000078   Section     1200  main.o(.bss)
    grp                                      0x20000078   Data         124  main.o(.bss)
    cli_secret                               0x200000f4   Data          12  main.o(.bss)
    srv_secret                               0x20000100   Data          12  main.o(.bss)
    cli_pri                                  0x2000010c   Data          12  main.o(.bss)
    srv_pri                                  0x20000118   Data          12  main.o(.bss)
    cli_pub                                  0x20000124   Data          36  main.o(.bss)
    srv_pub                                  0x20000148   Data          36  main.o(.bss)
    entropy                                  0x20000170   Data         632  main.o(.bss)
    ctr_drbg                                 0x200003e8   Data         320  main.o(.bss)
    HEAP                                     0x20000528   Section     5120  startup_stm32f10x_cl.o(HEAP)
    STACK                                    0x20001928   Section     2048  startup_stm32f10x_cl.o(STACK)

    Global Symbols

    Symbol Name                              Value     Ov Type        Size  Object(Section)

    BuildAttributes$$THM_ISAv4$P$D$K$B$S$PE$A:L22UL41UL21$X:L11$S22US41US21$IEEE1$IW$USESV6$~STKCKD$USESV7$~SHL$OSPACE$ROPI$EBA8$MICROLIB$REQ8$PRES8$EABIv2 0x00000000   Number         0  anon$$obj.o ABSOLUTE
    __ARM_use_no_argv                        0x00000000   Number         0  main.o ABSOLUTE
    _printf_a                                0x00000000   Number         0  stubs.o ABSOLUTE
    _printf_c                                0x00000000   Number         0  stubs.o ABSOLUTE
    _printf_charcount                        0x00000000   Number         0  stubs.o ABSOLUTE
    _printf_d                                0x00000000   Number         0  stubs.o ABSOLUTE
    _printf_e                                0x00000000   Number         0  stubs.o ABSOLUTE
    _printf_f                                0x00000000   Number         0  stubs.o ABSOLUTE
    _printf_flags                            0x00000000   Number         0  stubs.o ABSOLUTE
    _printf_fp_dec                           0x00000000   Number         0  stubs.o ABSOLUTE
    _printf_fp_hex                           0x00000000   Number         0  stubs.o ABSOLUTE
    _printf_g                                0x00000000   Number         0  stubs.o ABSOLUTE
    _printf_i                                0x00000000   Number         0  stubs.o ABSOLUTE
    _printf_int_dec                          0x00000000   Number         0  stubs.o ABSOLUTE
    _printf_l                                0x00000000   Number         0  stubs.o ABSOLUTE
    _printf_lc                               0x00000000   Number         0  stubs.o ABSOLUTE
    _printf_ll                               0x00000000   Number         0  stubs.o ABSOLUTE
    _printf_lld                              0x00000000   Number         0  stubs.o ABSOLUTE
    _printf_lli                              0x00000000   Number         0  stubs.o ABSOLUTE
    _printf_llo                              0x00000000   Number         0  stubs.o ABSOLUTE
    _printf_llu                              0x00000000   Number         0  stubs.o ABSOLUTE
    _printf_llx                              0x00000000   Number         0  stubs.o ABSOLUTE
    _printf_longlong_dec                     0x00000000   Number         0  stubs.o ABSOLUTE
    _printf_longlong_hex                     0x00000000   Number         0  stubs.o ABSOLUTE
    _printf_longlong_oct                     0x00000000   Number         0  stubs.o ABSOLUTE
    _printf_ls                               0x00000000   Number         0  stubs.o ABSOLUTE
    _printf_mbtowc                           0x00000000   Number         0  stubs.o ABSOLUTE
    _printf_n                                0x00000000   Number         0  stubs.o ABSOLUTE
    _printf_o                                0x00000000   Number         0  stubs.o ABSOLUTE
    _printf_p                                0x00000000   Number         0  stubs.o ABSOLUTE
    _printf_percent                          0x00000000   Number         0  stubs.o ABSOLUTE
    _printf_pre_padding                      0x00000000   Number         0  stubs.o ABSOLUTE
    _printf_return_value                     0x00000000   Number         0  stubs.o ABSOLUTE
    _printf_s                                0x00000000   Number         0  stubs.o ABSOLUTE
    _printf_sizespec                         0x00000000   Number         0  stubs.o ABSOLUTE
    _printf_str                              0x00000000   Number         0  stubs.o ABSOLUTE
    _printf_truncate_signed                  0x00000000   Number         0  stubs.o ABSOLUTE
    _printf_truncate_unsigned                0x00000000   Number         0  stubs.o ABSOLUTE
    _printf_u                                0x00000000   Number         0  stubs.o ABSOLUTE
    _printf_wc                               0x00000000   Number         0  stubs.o ABSOLUTE
    _printf_wctomb                           0x00000000   Number         0  stubs.o ABSOLUTE
    _printf_widthprec                        0x00000000   Number         0  stubs.o ABSOLUTE
    _printf_x                                0x00000000   Number         0  stubs.o ABSOLUTE
    __cpp_initialize__aeabi_                  - Undefined Weak Reference
    __cxa_finalize                            - Undefined Weak Reference
    __decompress                              - Undefined Weak Reference
    _clock_init                               - Undefined Weak Reference
    _microlib_exit                            - Undefined Weak Reference
    __Vectors_Size                           0x00000150   Number         0  startup_stm32f10x_cl.o ABSOLUTE
    __Vectors                                0x08000000   Data           4  startup_stm32f10x_cl.o(RESET)
    __Vectors_End                            0x08000150   Data           0  startup_stm32f10x_cl.o(RESET)
    __main                                   0x08000151   Thumb Code     0  entry.o(.ARM.Collect$$$$00000000)
    _main_stk                                0x08000151   Thumb Code     0  entry2.o(.ARM.Collect$$$$00000001)
    _main_scatterload                        0x08000155   Thumb Code     0  entry5.o(.ARM.Collect$$$$00000004)
    __main_after_scatterload                 0x08000159   Thumb Code     0  entry5.o(.ARM.Collect$$$$00000004)
    _main_clock                              0x08000159   Thumb Code     0  entry7b.o(.ARM.Collect$$$$00000008)
    _main_cpp_init                           0x08000159   Thumb Code     0  entry8b.o(.ARM.Collect$$$$0000000A)
    _main_init                               0x08000159   Thumb Code     0  entry9a.o(.ARM.Collect$$$$0000000B)
    __rt_final_cpp                           0x08000161   Thumb Code     0  entry10a.o(.ARM.Collect$$$$0000000D)
    __rt_final_exit                          0x08000161   Thumb Code     0  entry11a.o(.ARM.Collect$$$$0000000F)
    Reset_Handler                            0x08000165   Thumb Code     4  startup_stm32f10x_cl.o(.text)
    ADC1_2_IRQHandler                        0x0800017b   Thumb Code     0  startup_stm32f10x_cl.o(.text)
    CAN1_RX0_IRQHandler                      0x0800017b   Thumb Code     0  startup_stm32f10x_cl.o(.text)
    CAN1_RX1_IRQHandler                      0x0800017b   Thumb Code     0  startup_stm32f10x_cl.o(.text)
    CAN1_SCE_IRQHandler                      0x0800017b   Thumb Code     0  startup_stm32f10x_cl.o(.text)
    CAN1_TX_IRQHandler                       0x0800017b   Thumb Code     0  startup_stm32f10x_cl.o(.text)
    CAN2_RX0_IRQHandler                      0x0800017b   Thumb Code     0  startup_stm32f10x_cl.o(.text)
    CAN2_RX1_IRQHandler                      0x0800017b   Thumb Code     0  startup_stm32f10x_cl.o(.text)
    CAN2_SCE_IRQHandler                      0x0800017b   Thumb Code     0  startup_stm32f10x_cl.o(.text)
    CAN2_TX_IRQHandler                       0x0800017b   Thumb Code     0  startup_stm32f10x_cl.o(.text)
    DMA1_Channel1_IRQHandler                 0x0800017b   Thumb Code     0  startup_stm32f10x_cl.o(.text)
    DMA1_Channel2_IRQHandler                 0x0800017b   Thumb Code     0  startup_stm32f10x_cl.o(.text)
    DMA1_Channel3_IRQHandler                 0x0800017b   Thumb Code     0  startup_stm32f10x_cl.o(.text)
    DMA1_Channel4_IRQHandler                 0x0800017b   Thumb Code     0  startup_stm32f10x_cl.o(.text)
    DMA1_Channel5_IRQHandler                 0x0800017b   Thumb Code     0  startup_stm32f10x_cl.o(.text)
    DMA1_Channel6_IRQHandler                 0x0800017b   Thumb Code     0  startup_stm32f10x_cl.o(.text)
    DMA1_Channel7_IRQHandler                 0x0800017b   Thumb Code     0  startup_stm32f10x_cl.o(.text)
    DMA2_Channel1_IRQHandler                 0x0800017b   Thumb Code     0  startup_stm32f10x_cl.o(.text)
    DMA2_Channel2_IRQHandler                 0x0800017b   Thumb Code     0  startup_stm32f10x_cl.o(.text)
    DMA2_Channel3_IRQHandler                 0x0800017b   Thumb Code     0  startup_stm32f10x_cl.o(.text)
    DMA2_Channel4_IRQHandler                 0x0800017b   Thumb Code     0  startup_stm32f10x_cl.o(.text)
    DMA2_Channel5_IRQHandler                 0x0800017b   Thumb Code     0  startup_stm32f10x_cl.o(.text)
    ETH_IRQHandler                           0x0800017b   Thumb Code     0  startup_stm32f10x_cl.o(.text)
    ETH_WKUP_IRQHandler                      0x0800017b   Thumb Code     0  startup_stm32f10x_cl.o(.text)
    EXTI0_IRQHandler                         0x0800017b   Thumb Code     0  startup_stm32f10x_cl.o(.text)
    EXTI15_10_IRQHandler                     0x0800017b   Thumb Code     0  startup_stm32f10x_cl.o(.text)
    EXTI1_IRQHandler                         0x0800017b   Thumb Code     0  startup_stm32f10x_cl.o(.text)
    EXTI2_IRQHandler                         0x0800017b   Thumb Code     0  startup_stm32f10x_cl.o(.text)
    EXTI3_IRQHandler                         0x0800017b   Thumb Code     0  startup_stm32f10x_cl.o(.text)
    EXTI4_IRQHandler                         0x0800017b   Thumb Code     0  startup_stm32f10x_cl.o(.text)
    EXTI9_5_IRQHandler                       0x0800017b   Thumb Code     0  startup_stm32f10x_cl.o(.text)
    FLASH_IRQHandler                         0x0800017b   Thumb Code     0  startup_stm32f10x_cl.o(.text)
    I2C1_ER_IRQHandler                       0x0800017b   Thumb Code     0  startup_stm32f10x_cl.o(.text)
    I2C1_EV_IRQHandler                       0x0800017b   Thumb Code     0  startup_stm32f10x_cl.o(.text)
    I2C2_ER_IRQHandler                       0x0800017b   Thumb Code     0  startup_stm32f10x_cl.o(.text)
    I2C2_EV_IRQHandler                       0x0800017b   Thumb Code     0  startup_stm32f10x_cl.o(.text)
    OTG_FS_IRQHandler                        0x0800017b   Thumb Code     0  startup_stm32f10x_cl.o(.text)
    OTG_FS_WKUP_IRQHandler                   0x0800017b   Thumb Code     0  startup_stm32f10x_cl.o(.text)
    PVD_IRQHandler                           0x0800017b   Thumb Code     0  startup_stm32f10x_cl.o(.text)
    RCC_IRQHandler                           0x0800017b   Thumb Code     0  startup_stm32f10x_cl.o(.text)
    RTCAlarm_IRQHandler                      0x0800017b   Thumb Code     0  startup_stm32f10x_cl.o(.text)
    RTC_IRQHandler                           0x0800017b   Thumb Code     0  startup_stm32f10x_cl.o(.text)
    SPI1_IRQHandler                          0x0800017b   Thumb Code     0  startup_stm32f10x_cl.o(.text)
    SPI2_IRQHandler                          0x0800017b   Thumb Code     0  startup_stm32f10x_cl.o(.text)
    SPI3_IRQHandler                          0x0800017b   Thumb Code     0  startup_stm32f10x_cl.o(.text)
    TAMPER_IRQHandler                        0x0800017b   Thumb Code     0  startup_stm32f10x_cl.o(.text)
    TIM1_BRK_IRQHandler                      0x0800017b   Thumb Code     0  startup_stm32f10x_cl.o(.text)
    TIM1_CC_IRQHandler                       0x0800017b   Thumb Code     0  startup_stm32f10x_cl.o(.text)
    TIM1_TRG_COM_IRQHandler                  0x0800017b   Thumb Code     0  startup_stm32f10x_cl.o(.text)
    TIM1_UP_IRQHandler                       0x0800017b   Thumb Code     0  startup_stm32f10x_cl.o(.text)
    TIM2_IRQHandler                          0x0800017b   Thumb Code     0  startup_stm32f10x_cl.o(.text)
    TIM3_IRQHandler                          0x0800017b   Thumb Code     0  startup_stm32f10x_cl.o(.text)
    TIM4_IRQHandler                          0x0800017b   Thumb Code     0  startup_stm32f10x_cl.o(.text)
    TIM5_IRQHandler                          0x0800017b   Thumb Code     0  startup_stm32f10x_cl.o(.text)
    TIM6_IRQHandler                          0x0800017b   Thumb Code     0  startup_stm32f10x_cl.o(.text)
    TIM7_IRQHandler                          0x0800017b   Thumb Code     0  startup_stm32f10x_cl.o(.text)
    UART4_IRQHandler                         0x0800017b   Thumb Code     0  startup_stm32f10x_cl.o(.text)
    UART5_IRQHandler                         0x0800017b   Thumb Code     0  startup_stm32f10x_cl.o(.text)
    USART1_IRQHandler                        0x0800017b   Thumb Code     0  startup_stm32f10x_cl.o(.text)
    USART2_IRQHandler                        0x0800017b   Thumb Code     0  startup_stm32f10x_cl.o(.text)
    USART3_IRQHandler                        0x0800017b   Thumb Code     0  startup_stm32f10x_cl.o(.text)
    WWDG_IRQHandler                          0x0800017b   Thumb Code     0  startup_stm32f10x_cl.o(.text)
    __aeabi_uldivmod                         0x08000181   Thumb Code    98  uldiv.o(.text)
    ___aeabi_memcpy8$move                    0x080001e3   Thumb Code     0  memmovea.o(.text)
    __aeabi_memcpy                           0x080001e3   Thumb Code    64  memmovea.o(.text)
    __aeabi_memcpy4                          0x080001e3   Thumb Code     0  memmovea.o(.text)
    __aeabi_memmove                          0x080001e3   Thumb Code     0  memmovea.o(.text)
    __aeabi_memmove4                         0x080001e3   Thumb Code     0  memmovea.o(.text)
    __aeabi_memmove8                         0x080001e3   Thumb Code     0  memmovea.o(.text)
    __aeabi_memset                           0x08000223   Thumb Code    14  memseta.o(.text)
    __aeabi_memset4                          0x08000223   Thumb Code     0  memseta.o(.text)
    __aeabi_memset8                          0x08000223   Thumb Code     0  memseta.o(.text)
    __aeabi_memclr                           0x08000231   Thumb Code     4  memseta.o(.text)
    __aeabi_memclr4                          0x08000231   Thumb Code     0  memseta.o(.text)
    __aeabi_memclr8                          0x08000231   Thumb Code     0  memseta.o(.text)
    memset                                   0x08000235   Thumb Code    18  memseta.o(.text)
    strlen                                   0x08000247   Thumb Code    14  strlen.o(.text)
    calloc                                   0x08000255   Thumb Code    28  calloc.o(.text)
    __aeabi_llsl                             0x08000271   Thumb Code    30  llshl.o(.text)
    _ll_shift_l                              0x08000271   Thumb Code     0  llshl.o(.text)
    __aeabi_llsr                             0x0800028f   Thumb Code    32  llushr.o(.text)
    _ll_ushift_r                             0x0800028f   Thumb Code     0  llushr.o(.text)
    __scatterload                            0x080002b1   Thumb Code    28  init.o(.text)
    __scatterload_rt2                        0x080002b1   Thumb Code     0  init.o(.text)
    BusFault_Handler                         0x080002d5   Thumb Code     4  stm32f10x_it.o(i.BusFault_Handler)
    DebugMon_Handler                         0x080002d9   Thumb Code     2  stm32f10x_it.o(i.DebugMon_Handler)
    GPIO_Configuration                       0x080002dd   Thumb Code    66  main.o(i.GPIO_Configuration)
    GPIO_Init                                0x08000325   Thumb Code   278  stm32f10x_gpio.o(i.GPIO_Init)
    HardFault_Handler                        0x0800043b   Thumb Code     4  stm32f10x_it.o(i.HardFault_Handler)
    Init_All_Periph                          0x0800043f   Thumb Code    24  main.o(i.Init_All_Periph)
    MemManage_Handler                        0x08000457   Thumb Code     4  stm32f10x_it.o(i.MemManage_Handler)
    NMI_Handler                              0x0800045b   Thumb Code     2  stm32f10x_it.o(i.NMI_Handler)
    NVIC_Configuration                       0x0800045d   Thumb Code    22  main.o(i.NVIC_Configuration)
    NVIC_PriorityGroupConfig                 0x08000475   Thumb Code    10  misc.o(i.NVIC_PriorityGroupConfig)
    NVIC_SetVectorTable                      0x08000489   Thumb Code    12  misc.o(i.NVIC_SetVectorTable)
    PendSV_Handler                           0x0800049d   Thumb Code     2  stm32f10x_it.o(i.PendSV_Handler)
    RCC_APB1PeriphClockCmd                   0x080004a1   Thumb Code    26  stm32f10x_rcc.o(i.RCC_APB1PeriphClockCmd)
    RCC_APB2PeriphClockCmd                   0x080004c1   Thumb Code    26  stm32f10x_rcc.o(i.RCC_APB2PeriphClockCmd)
    RCC_Configuration                        0x080004e1   Thumb Code     8  main.o(i.RCC_Configuration)
    RCC_GetClocksFreq                        0x080004e9   Thumb Code   192  stm32f10x_rcc.o(i.RCC_GetClocksFreq)
    STM_EVAL_COMInit                         0x080005bd   Thumb Code   138  eval.o(i.STM_EVAL_COMInit)
    STM_EVAL_LEDInit                         0x08000661   Thumb Code    52  eval.o(i.STM_EVAL_LEDInit)
    STM_EVAL_LEDOff                          0x080006a1   Thumb Code    16  eval.o(i.STM_EVAL_LEDOff)
    STM_EVAL_LEDOn                           0x080006b9   Thumb Code    16  eval.o(i.STM_EVAL_LEDOn)
    STM_EVAL_SendChar                        0x080006d1   Thumb Code    38  eval.o(i.STM_EVAL_SendChar)
    SVC_Handler                              0x080006fd   Thumb Code     2  stm32f10x_it.o(i.SVC_Handler)
    SysTick_Handler                          0x080007ed   Thumb Code     2  stm32f10x_it.o(i.SysTick_Handler)
    SysTick_Initaize                         0x080007f1   Thumb Code    60  systickdelay.o(i.SysTick_Initaize)
    SystemInit                               0x0800083d   Thumb Code    70  system_stm32f10x.o(i.SystemInit)
    USART_Cmd                                0x08000891   Thumb Code    24  stm32f10x_usart.o(i.USART_Cmd)
    USART_Configuration                      0x080008a9   Thumb Code    40  uart_interface.o(i.USART_Configuration)
    USART_GetFlagStatus                      0x080008d1   Thumb Code    26  stm32f10x_usart.o(i.USART_GetFlagStatus)
    USART_Init                               0x080008ed   Thumb Code   156  stm32f10x_usart.o(i.USART_Init)
    USART_SendData                           0x0800098d   Thumb Code     8  stm32f10x_usart.o(i.USART_SendData)
    UsageFault_Handler                       0x08000995   Thumb Code     4  stm32f10x_it.o(i.UsageFault_Handler)
    __0printf$8                              0x08000999   Thumb Code    22  printf8.o(i.__0printf$8)
    __1printf$8                              0x08000999   Thumb Code     0  printf8.o(i.__0printf$8)
    __2printf                                0x08000999   Thumb Code     0  printf8.o(i.__0printf$8)
    __scatterload_copy                       0x080009b9   Thumb Code    14  handlers.o(i.__scatterload_copy)
    __scatterload_null                       0x080009c7   Thumb Code     2  handlers.o(i.__scatterload_null)
    __scatterload_zeroinit                   0x080009c9   Thumb Code    14  handlers.o(i.__scatterload_zeroinit)
    delay_ms                                 0x080010f9   Thumb Code    66  systickdelay.o(i.delay_ms)
    ecdh_test                                0x0800127d   Thumb Code   484  main.o(i.ecdh_test)
    fputc                                    0x08004381   Thumb Code    18  uart_interface.o(i.fputc)
    free                                     0x08004395   Thumb Code    76  malloc.o(i.free)
    main                                     0x080043f5   Thumb Code    68  main.o(i.main)
    malloc                                   0x08004445   Thumb Code    92  malloc.o(i.malloc)
    mbedtls_aes_crypt_ecb                    0x080044b1   Thumb Code    58  aes.o(i.mbedtls_aes_crypt_ecb)
    mbedtls_aes_free                         0x080044eb   Thumb Code    22  aes.o(i.mbedtls_aes_free)
    mbedtls_aes_init                         0x08004501   Thumb Code    20  aes.o(i.mbedtls_aes_init)
    mbedtls_aes_setkey_enc                   0x08004515   Thumb Code   504  aes.o(i.mbedtls_aes_setkey_enc)
    mbedtls_ctr_drbg_free                    0x08004733   Thumb Code    30  ctr_drbg.o(i.mbedtls_ctr_drbg_free)
    mbedtls_ctr_drbg_init                    0x08004751   Thumb Code    22  ctr_drbg.o(i.mbedtls_ctr_drbg_init)
    mbedtls_ctr_drbg_random                  0x08004767   Thumb Code    40  ctr_drbg.o(i.mbedtls_ctr_drbg_random)
    mbedtls_ctr_drbg_random_with_add         0x0800478f   Thumb Code   254  ctr_drbg.o(i.mbedtls_ctr_drbg_random_with_add)
    mbedtls_ctr_drbg_reseed                  0x0800488d   Thumb Code    22  ctr_drbg.o(i.mbedtls_ctr_drbg_reseed)
    mbedtls_ctr_drbg_seed                    0x08004975   Thumb Code   132  ctr_drbg.o(i.mbedtls_ctr_drbg_seed)
    mbedtls_ecdh_compute_shared              0x080049f9   Thumb Code    56  ecdh.o(i.mbedtls_ecdh_compute_shared)
    mbedtls_ecdh_gen_public                  0x08004a31   Thumb Code    54  ecdh.o(i.mbedtls_ecdh_gen_public)
    mbedtls_ecp_check_privkey                0x08004a69   Thumb Code   134  ecp.o(i.mbedtls_ecp_check_privkey)
    mbedtls_ecp_check_pubkey                 0x08004af9   Thumb Code    74  ecp.o(i.mbedtls_ecp_check_pubkey)
    mbedtls_ecp_copy                         0x08004b4d   Thumb Code    86  ecp.o(i.mbedtls_ecp_copy)
    mbedtls_ecp_gen_privkey                  0x08004ba5   Thumb Code   340  ecp.o(i.mbedtls_ecp_gen_privkey)
    mbedtls_ecp_get_type                     0x08004d01   Thumb Code    22  ecp.o(i.mbedtls_ecp_get_type)
    mbedtls_ecp_group_free                   0x08004d17   Thumb Code   100  ecp.o(i.mbedtls_ecp_group_free)
    mbedtls_ecp_group_init                   0x08004d7b   Thumb Code    72  ecp.o(i.mbedtls_ecp_group_init)
    mbedtls_ecp_group_load                   0x08004dc5   Thumb Code   626  ecp_curves.o(i.mbedtls_ecp_group_load)
    mbedtls_ecp_is_zero                      0x08005159   Thumb Code    28  ecp.o(i.mbedtls_ecp_is_zero)
    mbedtls_ecp_mul_restartable              0x08005175   Thumb Code   166  ecp.o(i.mbedtls_ecp_mul_restartable)
    mbedtls_ecp_point_free                   0x08005221   Thumb Code    34  ecp.o(i.mbedtls_ecp_point_free)
    mbedtls_ecp_point_init                   0x08005243   Thumb Code    32  ecp.o(i.mbedtls_ecp_point_init)
    mbedtls_ecp_point_write_binary           0x08005265   Thumb Code   284  ecp.o(i.mbedtls_ecp_point_write_binary)
    mbedtls_ecp_set_zero                     0x08005385   Thumb Code    76  ecp.o(i.mbedtls_ecp_set_zero)
    mbedtls_entropy_free                     0x080053d1   Thumb Code    36  entropy.o(i.mbedtls_entropy_free)
    mbedtls_entropy_func                     0x080053f5   Thumb Code   330  entropy.o(i.mbedtls_entropy_func)
    mbedtls_entropy_init                     0x0800553f   Thumb Code    36  entropy.o(i.mbedtls_entropy_init)
    mbedtls_internal_aes_decrypt             0x080055cd   Thumb Code  1394  aes.o(i.mbedtls_internal_aes_decrypt)
    mbedtls_internal_aes_encrypt             0x08005b41   Thumb Code  1394  aes.o(i.mbedtls_internal_aes_encrypt)
    mbedtls_internal_sha512_process          0x080060b5   Thumb Code  3654  sha512.o(i.mbedtls_internal_sha512_process)
    mbedtls_mpi_add_abs                      0x08006f01   Thumb Code   260  bignum.o(i.mbedtls_mpi_add_abs)
    mbedtls_mpi_add_int                      0x08007005   Thumb Code    64  bignum.o(i.mbedtls_mpi_add_int)
    mbedtls_mpi_add_mpi                      0x08007097   Thumb Code   132  bignum.o(i.mbedtls_mpi_add_mpi)
    mbedtls_mpi_bitlen                       0x0800711b   Thumb Code    56  bignum.o(i.mbedtls_mpi_bitlen)
    mbedtls_mpi_cmp_abs                      0x08007153   Thumb Code   146  bignum.o(i.mbedtls_mpi_cmp_abs)
    mbedtls_mpi_cmp_int                      0x080071e5   Thumb Code    56  bignum.o(i.mbedtls_mpi_cmp_int)
    mbedtls_mpi_cmp_mpi                      0x0800721d   Thumb Code   180  bignum.o(i.mbedtls_mpi_cmp_mpi)
    mbedtls_mpi_copy                         0x080072d1   Thumb Code   128  bignum.o(i.mbedtls_mpi_copy)
    mbedtls_mpi_div_mpi                      0x08007351   Thumb Code   966  bignum.o(i.mbedtls_mpi_div_mpi)
    mbedtls_mpi_fill_random                  0x08007717   Thumb Code   132  bignum.o(i.mbedtls_mpi_fill_random)
    mbedtls_mpi_free                         0x0800779b   Thumb Code    40  bignum.o(i.mbedtls_mpi_free)
    mbedtls_mpi_gcd                          0x080077c3   Thumb Code   376  bignum.o(i.mbedtls_mpi_gcd)
    mbedtls_mpi_get_bit                      0x0800793b   Thumb Code    38  bignum.o(i.mbedtls_mpi_get_bit)
    mbedtls_mpi_grow                         0x08007961   Thumb Code    86  bignum.o(i.mbedtls_mpi_grow)
    mbedtls_mpi_init                         0x080079b7   Thumb Code    16  bignum.o(i.mbedtls_mpi_init)
    mbedtls_mpi_inv_mod                      0x080079c7   Thumb Code   830  bignum.o(i.mbedtls_mpi_inv_mod)
    mbedtls_mpi_lsb                          0x08007d05   Thumb Code    56  bignum.o(i.mbedtls_mpi_lsb)
    mbedtls_mpi_lset                         0x08007d3d   Thumb Code    76  bignum.o(i.mbedtls_mpi_lset)
    mbedtls_mpi_lt_mpi_ct                    0x08007d89   Thumb Code   172  bignum.o(i.mbedtls_mpi_lt_mpi_ct)
    mbedtls_mpi_mod_mpi                      0x08007e35   Thumb Code   142  bignum.o(i.mbedtls_mpi_mod_mpi)
    mbedtls_mpi_mul_int                      0x08007ec3   Thumb Code    42  bignum.o(i.mbedtls_mpi_mul_int)
    mbedtls_mpi_mul_mpi                      0x08007f41   Thumb Code   248  bignum.o(i.mbedtls_mpi_mul_mpi)
    mbedtls_mpi_read_string                  0x08008039   Thumb Code   386  bignum.o(i.mbedtls_mpi_read_string)
    mbedtls_mpi_safe_cond_assign             0x080081bb   Thumb Code   142  bignum.o(i.mbedtls_mpi_safe_cond_assign)
    mbedtls_mpi_safe_cond_swap               0x08008249   Thumb Code   184  bignum.o(i.mbedtls_mpi_safe_cond_swap)
    mbedtls_mpi_set_bit                      0x08008301   Thumb Code   116  bignum.o(i.mbedtls_mpi_set_bit)
    mbedtls_mpi_shift_l                      0x08008375   Thumb Code   202  bignum.o(i.mbedtls_mpi_shift_l)
    mbedtls_mpi_shift_r                      0x08008489   Thumb Code   170  bignum.o(i.mbedtls_mpi_shift_r)
    mbedtls_mpi_shrink                       0x08008533   Thumb Code   130  bignum.o(i.mbedtls_mpi_shrink)
    mbedtls_mpi_size                         0x080085b5   Thumb Code    16  bignum.o(i.mbedtls_mpi_size)
    mbedtls_mpi_sub_abs                      0x080085c5   Thumb Code   156  bignum.o(i.mbedtls_mpi_sub_abs)
    mbedtls_mpi_sub_int                      0x08008661   Thumb Code    64  bignum.o(i.mbedtls_mpi_sub_int)
    mbedtls_mpi_sub_mpi                      0x080086f9   Thumb Code   132  bignum.o(i.mbedtls_mpi_sub_mpi)
    mbedtls_mpi_write_binary                 0x0800877d   Thumb Code   130  bignum.o(i.mbedtls_mpi_write_binary)
    mbedtls_mpi_write_binary_le              0x080087ff   Thumb Code   106  bignum.o(i.mbedtls_mpi_write_binary_le)
    mbedtls_platform_zeroize                 0x08008879   Thumb Code    26  platform_util.o(i.mbedtls_platform_zeroize)
    mbedtls_sha512_finish_ret                0x08008899   Thumb Code   992  sha512.o(i.mbedtls_sha512_finish_ret)
    mbedtls_sha512_free                      0x08008c79   Thumb Code    20  sha512.o(i.mbedtls_sha512_free)
    mbedtls_sha512_init                      0x08008c8d   Thumb Code    18  sha512.o(i.mbedtls_sha512_init)
    mbedtls_sha512_ret                       0x08008c9f   Thumb Code   102  sha512.o(i.mbedtls_sha512_ret)
    mbedtls_sha512_starts_ret                0x08008d05   Thumb Code   162  sha512.o(i.mbedtls_sha512_starts_ret)
    mbedtls_sha512_update_ret                0x08008e29   Thumb Code   178  sha512.o(i.mbedtls_sha512_update_ret)
    SystemFrequency                          0x08009638   Data           4  system_stm32f10x.o(.constdata)
    SystemFrequency_SysClk                   0x0800963c   Data           4  system_stm32f10x.o(.constdata)
    SystemFrequency_AHBClk                   0x08009640   Data           4  system_stm32f10x.o(.constdata)
    SystemFrequency_APB1Clk                  0x08009644   Data           4  system_stm32f10x.o(.constdata)
    SystemFrequency_APB2Clk                  0x08009648   Data           4  system_stm32f10x.o(.constdata)
    GPIO_PIN                                 0x0800cd08   Data           4  eval.o(.constdata)
    GPIO_CLK                                 0x0800cd0c   Data           8  eval.o(.constdata)
    BUTTON_PIN                               0x0800cd14   Data           6  eval.o(.constdata)
    BUTTON_CLK                               0x0800cd1c   Data          12  eval.o(.constdata)
    BUTTON_EXTI_LINE                         0x0800cd28   Data           6  eval.o(.constdata)
    BUTTON_PORT_SOURCE                       0x0800cd2e   Data           6  eval.o(.constdata)
    BUTTON_PIN_SOURCE                        0x0800cd34   Data           6  eval.o(.constdata)
    BUTTON_IRQn                              0x0800cd3a   Data           6  eval.o(.constdata)
    COM_USART_CLK                            0x0800cd40   Data           8  eval.o(.constdata)
    COM_POR_CLK                              0x0800cd48   Data           8  eval.o(.constdata)
    COM_TX_PIN                               0x0800cd50   Data           4  eval.o(.constdata)
    COM_RX_PIN                               0x0800cd54   Data           4  eval.o(.constdata)
    Region$$Table$$Base                      0x0800cd58   Number         0  anon$$obj.o(Region$$Table)
    Region$$Table$$Limit                     0x0800cd78   Number         0  anon$$obj.o(Region$$Table)
    GPIO_PORT                                0x20000030   Data           8  eval.o(.data)
    BUTTON_PORT                              0x20000038   Data          12  eval.o(.data)
    COM_USART                                0x20000044   Data           8  eval.o(.data)
    COM_PORT                                 0x2000004c   Data           8  eval.o(.data)
    __stdout                                 0x2000006c   Data           4  stdout.o(.data)
    __microlib_freelist                      0x20000070   Data           4  mvars.o(.data)
    __microlib_freelist_initialised          0x20000074   Data           4  mvars.o(.data)
    __heap_base                              0x20000528   Data           0  startup_stm32f10x_cl.o(HEAP)
    __heap_limit                             0x20001928   Data           0  startup_stm32f10x_cl.o(HEAP)
    __initial_sp                             0x20002128   Data           0  startup_stm32f10x_cl.o(STACK)



==============================================================================

Memory Map of the image

  Image Entry point : 0x08000151

  Load Region LR_IROM1 (Base: 0x08000000, Size: 0x0000cdf0, Max: 0x00010000, ABSOLUTE)

    Execution Region ER_IROM1 (Base: 0x08000000, Size: 0x0000cd78, Max: 0x00010000, ABSOLUTE)

    Base Addr    Size         Type   Attr      Idx    E Section Name        Object

    0x08000000   0x00000150   Data   RO          116    RESET               startup_stm32f10x_cl.o
    0x08000150   0x00000000   Code   RO         7218  * .ARM.Collect$$$$00000000  mc_w.l(entry.o)
    0x08000150   0x00000004   Code   RO         7539    .ARM.Collect$$$$00000001  mc_w.l(entry2.o)
    0x08000154   0x00000004   Code   RO         7542    .ARM.Collect$$$$00000004  mc_w.l(entry5.o)
    0x08000158   0x00000000   Code   RO         7544    .ARM.Collect$$$$00000008  mc_w.l(entry7b.o)
    0x08000158   0x00000000   Code   RO         7546    .ARM.Collect$$$$0000000A  mc_w.l(entry8b.o)
    0x08000158   0x00000008   Code   RO         7547    .ARM.Collect$$$$0000000B  mc_w.l(entry9a.o)
    0x08000160   0x00000000   Code   RO         7549    .ARM.Collect$$$$0000000D  mc_w.l(entry10a.o)
    0x08000160   0x00000000   Code   RO         7551    .ARM.Collect$$$$0000000F  mc_w.l(entry11a.o)
    0x08000160   0x00000004   Code   RO         7540    .ARM.Collect$$$$00002712  mc_w.l(entry2.o)
    0x08000164   0x0000001c   Code   RO          117    .text               startup_stm32f10x_cl.o
    0x08000180   0x00000062   Code   RO         7221    .text               mc_w.l(uldiv.o)
    0x080001e2   0x00000040   Code   RO         7230    .text               mc_w.l(memmovea.o)
    0x08000222   0x00000024   Code   RO         7234    .text               mc_w.l(memseta.o)
    0x08000246   0x0000000e   Code   RO         7238    .text               mc_w.l(strlen.o)
    0x08000254   0x0000001c   Code   RO         7537    .text               mc_w.l(calloc.o)
    0x08000270   0x0000001e   Code   RO         7556    .text               mc_w.l(llshl.o)
    0x0800028e   0x00000020   Code   RO         7558    .text               mc_w.l(llushr.o)
    0x080002ae   0x00000002   PAD
    0x080002b0   0x00000024   Code   RO         7573    .text               mc_w.l(init.o)
    0x080002d4   0x00000004   Code   RO         6454    i.BusFault_Handler  stm32f10x_it.o
    0x080002d8   0x00000002   Code   RO         6455    i.DebugMon_Handler  stm32f10x_it.o
    0x080002da   0x00000002   PAD
    0x080002dc   0x00000048   Code   RO         6350    i.GPIO_Configuration  main.o
    0x08000324   0x00000116   Code   RO         6742    i.GPIO_Init         stm32f10x_gpio.o
    0x0800043a   0x00000004   Code   RO         6456    i.HardFault_Handler  stm32f10x_it.o
    0x0800043e   0x00000018   Code   RO         6351    i.Init_All_Periph   main.o
    0x08000456   0x00000004   Code   RO         6457    i.MemManage_Handler  stm32f10x_it.o
    0x0800045a   0x00000002   Code   RO         6458    i.NMI_Handler       stm32f10x_it.o
    0x0800045c   0x00000016   Code   RO         6352    i.NVIC_Configuration  main.o
    0x08000472   0x00000002   PAD
    0x08000474   0x00000014   Code   RO         6647    i.NVIC_PriorityGroupConfig  misc.o
    0x08000488   0x00000014   Code   RO         6648    i.NVIC_SetVectorTable  misc.o
    0x0800049c   0x00000002   Code   RO         6459    i.PendSV_Handler    stm32f10x_it.o
    0x0800049e   0x00000002   PAD
    0x080004a0   0x00000020   Code   RO         6852    i.RCC_APB1PeriphClockCmd  stm32f10x_rcc.o
    0x080004c0   0x00000020   Code   RO         6854    i.RCC_APB2PeriphClockCmd  stm32f10x_rcc.o
    0x080004e0   0x00000008   Code   RO         6353    i.RCC_Configuration  main.o
    0x080004e8   0x000000d4   Code   RO         6862    i.RCC_GetClocksFreq  stm32f10x_rcc.o
    0x080005bc   0x000000a4   Code   RO         6517    i.STM_EVAL_COMInit  eval.o
    0x08000660   0x00000040   Code   RO         6518    i.STM_EVAL_LEDInit  eval.o
    0x080006a0   0x00000018   Code   RO         6519    i.STM_EVAL_LEDOff   eval.o
    0x080006b8   0x00000018   Code   RO         6520    i.STM_EVAL_LEDOn    eval.o
    0x080006d0   0x0000002c   Code   RO         6524    i.STM_EVAL_SendChar  eval.o
    0x080006fc   0x00000002   Code   RO         6460    i.SVC_Handler       stm32f10x_it.o
    0x080006fe   0x00000008   Code   RO           17    i.SetSysClock       system_stm32f10x.o
    0x08000706   0x00000002   PAD
    0x08000708   0x000000e4   Code   RO           18    i.SetSysClockTo72   system_stm32f10x.o
    0x080007ec   0x00000002   Code   RO         6461    i.SysTick_Handler   stm32f10x_it.o
    0x080007ee   0x00000002   PAD
    0x080007f0   0x0000004c   Code   RO         6587    i.SysTick_Initaize  systickdelay.o
    0x0800083c   0x00000054   Code   RO           19    i.SystemInit        system_stm32f10x.o
    0x08000890   0x00000018   Code   RO         7054    i.USART_Cmd         stm32f10x_usart.o
    0x080008a8   0x00000028   Code   RO         6616    i.USART_Configuration  uart_interface.o
    0x080008d0   0x0000001a   Code   RO         7057    i.USART_GetFlagStatus  stm32f10x_usart.o
    0x080008ea   0x00000002   PAD
    0x080008ec   0x000000a0   Code   RO         7061    i.USART_Init        stm32f10x_usart.o
    0x0800098c   0x00000008   Code   RO         7069    i.USART_SendData    stm32f10x_usart.o
    0x08000994   0x00000004   Code   RO         6462    i.UsageFault_Handler  stm32f10x_it.o
    0x08000998   0x00000020   Code   RO         7455    i.__0printf$8       mc_w.l(printf8.o)
    0x080009b8   0x0000000e   Code   RO         7581    i.__scatterload_copy  mc_w.l(handlers.o)
    0x080009c6   0x00000002   Code   RO         7582    i.__scatterload_null  mc_w.l(handlers.o)
    0x080009c8   0x0000000e   Code   RO         7583    i.__scatterload_zeroinit  mc_w.l(handlers.o)
    0x080009d6   0x00000002   PAD
    0x080009d8   0x00000410   Code   RO         7462    i._printf_core      mc_w.l(printf8.o)
    0x08000de8   0x00000024   Code   RO         7463    i._printf_post_padding  mc_w.l(printf8.o)
    0x08000e0c   0x0000002e   Code   RO         7464    i._printf_pre_padding  mc_w.l(printf8.o)
    0x08000e3a   0x00000020   Code   RO         3058    i.add32             ecp_curves.o
    0x08000e5a   0x0000004a   Code   RO         3059    i.add64             ecp_curves.o
    0x08000ea4   0x00000170   Code   RO         2073    i.block_cipher_df   ctr_drbg.o
    0x08001014   0x0000002a   Code   RO         3060    i.carry64           ecp_curves.o
    0x0800103e   0x00000018   Code   RO          745    i.ct_lt_mpi_uint    bignum.o
    0x08001056   0x000000a0   Code   RO         2075    i.ctr_drbg_update_internal  ctr_drbg.o
    0x080010f6   0x00000002   PAD
    0x080010f8   0x00000048   Code   RO         6588    i.delay_ms          systickdelay.o
    0x08001140   0x00000074   Code   RO         6354    i.dump_buf          main.o
    0x080011b4   0x00000074   Code   RO         2410    i.ecdh_compute_shared_restartable  ecdh.o
    0x08001228   0x00000052   Code   RO         2412    i.ecdh_gen_public_restartable  ecdh.o
    0x0800127a   0x00000002   PAD
    0x0800127c   0x00000354   Code   RO         6355    i.ecdh_test         main.o
    0x080015d0   0x00000300   Code   RO         2683    i.ecp_add_mixed     ecp.o
    0x080018d0   0x00000024   Code   RO         2684    i.ecp_check_pubkey_mx  ecp.o
    0x080018f4   0x0000012c   Code   RO         2685    i.ecp_check_pubkey_sw  ecp.o
    0x08001a20   0x0000008e   Code   RO         2686    i.ecp_comb_recode_core  ecp.o
    0x08001aae   0x00000002   PAD
    0x08001ab0   0x000000b4   Code   RO         2687    i.ecp_comb_recode_scalar  ecp.o
    0x08001b64   0x00000252   Code   RO         2688    i.ecp_double_add_mxz  ecp.o
    0x08001db6   0x00000002   PAD
    0x08001db8   0x0000030c   Code   RO         2689    i.ecp_double_jac    ecp.o
    0x080020c4   0x0000008c   Code   RO         3061    i.ecp_group_load    ecp_curves.o
    0x08002150   0x00000196   Code   RO         3062    i.ecp_mod_koblitz   ecp_curves.o
    0x080022e6   0x000000b6   Code   RO         3063    i.ecp_mod_p192      ecp_curves.o
    0x0800239c   0x0000001c   Code   RO         3064    i.ecp_mod_p192k1    ecp_curves.o
    0x080023b8   0x000002a6   Code   RO         3065    i.ecp_mod_p224      ecp_curves.o
    0x0800265e   0x00000002   PAD
    0x08002660   0x0000001c   Code   RO         3066    i.ecp_mod_p224k1    ecp_curves.o
    0x0800267c   0x000000b8   Code   RO         3067    i.ecp_mod_p255      ecp_curves.o
    0x08002734   0x000004a2   Code   RO         3068    i.ecp_mod_p256      ecp_curves.o
    0x08002bd6   0x00000002   PAD
    0x08002bd8   0x0000001c   Code   RO         3069    i.ecp_mod_p256k1    ecp_curves.o
    0x08002bf4   0x000005f6   Code   RO         3070    i.ecp_mod_p384      ecp_curves.o
    0x080031ea   0x00000002   PAD
    0x080031ec   0x00000104   Code   RO         3071    i.ecp_mod_p448      ecp_curves.o
    0x080032f0   0x0000008c   Code   RO         3072    i.ecp_mod_p521      ecp_curves.o
    0x0800337c   0x000000a0   Code   RO         2690    i.ecp_modp          ecp.o
    0x0800341c   0x0000000c   Code   RO         3073    i.ecp_mpi_load      ecp_curves.o
    0x08003428   0x00000128   Code   RO         2691    i.ecp_mul_comb      ecp.o
    0x08003550   0x000000b2   Code   RO         2692    i.ecp_mul_comb_after_precomp  ecp.o
    0x08003602   0x000000c4   Code   RO         2693    i.ecp_mul_comb_core  ecp.o
    0x080036c6   0x00000180   Code   RO         2694    i.ecp_mul_mxz       ecp.o
    0x08003846   0x000000c2   Code   RO         2695    i.ecp_normalize_jac  ecp.o
    0x08003908   0x00000220   Code   RO         2696    i.ecp_normalize_jac_many  ecp.o
    0x08003b28   0x00000052   Code   RO         2697    i.ecp_normalize_mxz  ecp.o
    0x08003b7a   0x00000022   Code   RO         2698    i.ecp_pick_window_size  ecp.o
    0x08003b9c   0x00000142   Code   RO         2699    i.ecp_precompute_comb  ecp.o
    0x08003cde   0x00000002   PAD
    0x08003ce0   0x00000118   Code   RO         2700    i.ecp_randomize_jac  ecp.o
    0x08003df8   0x000000bc   Code   RO         2701    i.ecp_randomize_mxz  ecp.o
    0x08003eb4   0x00000064   Code   RO         2702    i.ecp_safe_invert_jac  ecp.o
    0x08003f18   0x00000096   Code   RO         2703    i.ecp_select_comb   ecp.o
    0x08003fae   0x00000002   PAD
    0x08003fb0   0x000000f8   Code   RO         3074    i.ecp_use_curve25519  ecp_curves.o
    0x080040a8   0x0000015c   Code   RO         3075    i.ecp_use_curve448  ecp_curves.o
    0x08004204   0x000000b2   Code   RO         3174    i.entropy_gather_internal  entropy.o
    0x080042b6   0x0000008c   Code   RO         3175    i.entropy_update    entropy.o
    0x08004342   0x0000003e   Code   RO         3076    i.fix_negative      ecp_curves.o
    0x08004380   0x00000012   Code   RO         6618    i.fputc             uart_interface.o
    0x08004392   0x00000002   PAD
    0x08004394   0x00000050   Code   RO         7509    i.free              mc_w.l(malloc.o)
    0x080043e4   0x00000010   Code   RO         2076    i.good_nonce_len    ctr_drbg.o
    0x080043f4   0x00000050   Code   RO         6356    i.main              main.o
    0x08004444   0x0000006c   Code   RO         7510    i.malloc            mc_w.l(malloc.o)
    0x080044b0   0x0000003a   Code   RO          125    i.mbedtls_aes_crypt_ecb  aes.o
    0x080044ea   0x00000016   Code   RO          130    i.mbedtls_aes_free  aes.o
    0x08004500   0x00000014   Code   RO          131    i.mbedtls_aes_init  aes.o
    0x08004514   0x00000200   Code   RO          134    i.mbedtls_aes_setkey_enc  aes.o
    0x08004714   0x0000001e   Code   RO          746    i.mbedtls_clz       bignum.o
    0x08004732   0x0000001e   Code   RO         2077    i.mbedtls_ctr_drbg_free  ctr_drbg.o
    0x08004750   0x00000016   Code   RO         2078    i.mbedtls_ctr_drbg_init  ctr_drbg.o
    0x08004766   0x00000028   Code   RO         2079    i.mbedtls_ctr_drbg_random  ctr_drbg.o
    0x0800478e   0x000000fe   Code   RO         2080    i.mbedtls_ctr_drbg_random_with_add  ctr_drbg.o
    0x0800488c   0x00000016   Code   RO         2081    i.mbedtls_ctr_drbg_reseed  ctr_drbg.o
    0x080048a2   0x000000d2   Code   RO         2082    i.mbedtls_ctr_drbg_reseed_internal  ctr_drbg.o
    0x08004974   0x00000084   Code   RO         2083    i.mbedtls_ctr_drbg_seed  ctr_drbg.o
    0x080049f8   0x00000038   Code   RO         2422    i.mbedtls_ecdh_compute_shared  ecdh.o
    0x08004a30   0x00000036   Code   RO         2424    i.mbedtls_ecdh_gen_public  ecdh.o
    0x08004a66   0x00000002   PAD
    0x08004a68   0x00000090   Code   RO         2704    i.mbedtls_ecp_check_privkey  ecp.o
    0x08004af8   0x00000054   Code   RO         2706    i.mbedtls_ecp_check_pubkey  ecp.o
    0x08004b4c   0x00000056   Code   RO         2707    i.mbedtls_ecp_copy  ecp.o
    0x08004ba2   0x00000002   PAD
    0x08004ba4   0x0000015c   Code   RO         2715    i.mbedtls_ecp_gen_privkey  ecp.o
    0x08004d00   0x00000016   Code   RO         2716    i.mbedtls_ecp_get_type  ecp.o
    0x08004d16   0x00000064   Code   RO         2718    i.mbedtls_ecp_group_free  ecp.o
    0x08004d7a   0x00000048   Code   RO         2719    i.mbedtls_ecp_group_init  ecp.o
    0x08004dc2   0x00000002   PAD
    0x08004dc4   0x00000394   Code   RO         3077    i.mbedtls_ecp_group_load  ecp_curves.o
    0x08005158   0x0000001c   Code   RO         2721    i.mbedtls_ecp_is_zero  ecp.o
    0x08005174   0x000000ac   Code   RO         2725    i.mbedtls_ecp_mul_restartable  ecp.o
    0x08005220   0x00000022   Code   RO         2730    i.mbedtls_ecp_point_free  ecp.o
    0x08005242   0x00000020   Code   RO         2731    i.mbedtls_ecp_point_init  ecp.o
    0x08005262   0x00000002   PAD
    0x08005264   0x00000120   Code   RO         2734    i.mbedtls_ecp_point_write_binary  ecp.o
    0x08005384   0x0000004c   Code   RO         2737    i.mbedtls_ecp_set_zero  ecp.o
    0x080053d0   0x00000024   Code   RO         3177    i.mbedtls_entropy_free  entropy.o
    0x080053f4   0x0000014a   Code   RO         3178    i.mbedtls_entropy_func  entropy.o
    0x0800553e   0x00000024   Code   RO         3180    i.mbedtls_entropy_init  entropy.o
    0x08005562   0x00000068   Code   RO          747    i.mbedtls_int_div_int  bignum.o
    0x080055ca   0x00000002   PAD
    0x080055cc   0x00000572   Code   RO          141    i.mbedtls_internal_aes_decrypt  aes.o
    0x08005b3e   0x00000002   PAD
    0x08005b40   0x00000572   Code   RO          142    i.mbedtls_internal_aes_encrypt  aes.o
    0x080060b2   0x00000002   PAD
    0x080060b4   0x00000e4c   Code   RO         6160    i.mbedtls_internal_sha512_process  sha512.o
    0x08006f00   0x00000104   Code   RO          748    i.mbedtls_mpi_add_abs  bignum.o
    0x08007004   0x00000040   Code   RO          749    i.mbedtls_mpi_add_int  bignum.o
    0x08007044   0x00000052   Code   RO         2743    i.mbedtls_mpi_add_mod  ecp.o
    0x08007096   0x00000084   Code   RO          750    i.mbedtls_mpi_add_mpi  bignum.o
    0x0800711a   0x00000038   Code   RO          751    i.mbedtls_mpi_bitlen  bignum.o
    0x08007152   0x00000092   Code   RO          752    i.mbedtls_mpi_cmp_abs  bignum.o
    0x080071e4   0x00000038   Code   RO          753    i.mbedtls_mpi_cmp_int  bignum.o
    0x0800721c   0x000000b4   Code   RO          754    i.mbedtls_mpi_cmp_mpi  bignum.o
    0x080072d0   0x00000080   Code   RO          755    i.mbedtls_mpi_copy  bignum.o
    0x08007350   0x000003c6   Code   RO          757    i.mbedtls_mpi_div_mpi  bignum.o
    0x08007716   0x00000084   Code   RO          759    i.mbedtls_mpi_fill_random  bignum.o
    0x0800779a   0x00000028   Code   RO          760    i.mbedtls_mpi_free  bignum.o
    0x080077c2   0x00000178   Code   RO          761    i.mbedtls_mpi_gcd   bignum.o
    0x0800793a   0x00000026   Code   RO          763    i.mbedtls_mpi_get_bit  bignum.o
    0x08007960   0x00000056   Code   RO          764    i.mbedtls_mpi_grow  bignum.o
    0x080079b6   0x00000010   Code   RO          765    i.mbedtls_mpi_init  bignum.o
    0x080079c6   0x0000033e   Code   RO          766    i.mbedtls_mpi_inv_mod  bignum.o
    0x08007d04   0x00000038   Code   RO          769    i.mbedtls_mpi_lsb   bignum.o
    0x08007d3c   0x0000004c   Code   RO          770    i.mbedtls_mpi_lset  bignum.o
    0x08007d88   0x000000ac   Code   RO          771    i.mbedtls_mpi_lt_mpi_ct  bignum.o
    0x08007e34   0x0000008e   Code   RO          773    i.mbedtls_mpi_mod_mpi  bignum.o
    0x08007ec2   0x0000002a   Code   RO          774    i.mbedtls_mpi_mul_int  bignum.o
    0x08007eec   0x00000054   Code   RO         2744    i.mbedtls_mpi_mul_mod  ecp.o
    0x08007f40   0x000000f8   Code   RO          775    i.mbedtls_mpi_mul_mpi  bignum.o
    0x08008038   0x00000182   Code   RO          778    i.mbedtls_mpi_read_string  bignum.o
    0x080081ba   0x0000008e   Code   RO          779    i.mbedtls_mpi_safe_cond_assign  bignum.o
    0x08008248   0x000000b8   Code   RO          780    i.mbedtls_mpi_safe_cond_swap  bignum.o
    0x08008300   0x00000074   Code   RO          782    i.mbedtls_mpi_set_bit  bignum.o
    0x08008374   0x000000ca   Code   RO          783    i.mbedtls_mpi_shift_l  bignum.o
    0x0800843e   0x0000004a   Code   RO         2745    i.mbedtls_mpi_shift_l_mod  ecp.o
    0x08008488   0x000000aa   Code   RO          784    i.mbedtls_mpi_shift_r  bignum.o
    0x08008532   0x00000082   Code   RO          785    i.mbedtls_mpi_shrink  bignum.o
    0x080085b4   0x00000010   Code   RO          786    i.mbedtls_mpi_size  bignum.o
    0x080085c4   0x0000009c   Code   RO          787    i.mbedtls_mpi_sub_abs  bignum.o
    0x08008660   0x00000040   Code   RO          788    i.mbedtls_mpi_sub_int  bignum.o
    0x080086a0   0x00000058   Code   RO         2746    i.mbedtls_mpi_sub_mod  ecp.o
    0x080086f8   0x00000084   Code   RO          789    i.mbedtls_mpi_sub_mpi  bignum.o
    0x0800877c   0x00000082   Code   RO          791    i.mbedtls_mpi_write_binary  bignum.o
    0x080087fe   0x0000006a   Code   RO          792    i.mbedtls_mpi_write_binary_le  bignum.o
    0x08008868   0x00000010   Code   RO          794    i.mbedtls_mpi_zeroize  bignum.o
    0x08008878   0x00000020   Code   RO         4658    i.mbedtls_platform_zeroize  platform_util.o
    0x08008898   0x000003e0   Code   RO         6164    i.mbedtls_sha512_finish_ret  sha512.o
    0x08008c78   0x00000014   Code   RO         6165    i.mbedtls_sha512_free  sha512.o
    0x08008c8c   0x00000012   Code   RO         6166    i.mbedtls_sha512_init  sha512.o
    0x08008c9e   0x00000066   Code   RO         6168    i.mbedtls_sha512_ret  sha512.o
    0x08008d04   0x00000124   Code   RO         6171    i.mbedtls_sha512_starts_ret  sha512.o
    0x08008e28   0x000000b2   Code   RO         6173    i.mbedtls_sha512_update_ret  sha512.o
    0x08008eda   0x00000038   Code   RO          795    i.mpi_bigendian_to_host  bignum.o
    0x08008f12   0x00000040   Code   RO          797    i.mpi_get_digit     bignum.o
    0x08008f52   0x0000063c   Code   RO          802    i.mpi_mul_hlp       bignum.o
    0x0800958e   0x00000062   Code   RO          803    i.mpi_sub_hlp       bignum.o
    0x080095f0   0x0000000c   Code   RO          804    i.mpi_uint_bigendian_to_host  bignum.o
    0x080095fc   0x0000001c   Code   RO          805    i.mpi_uint_bigendian_to_host_c  bignum.o
    0x08009618   0x00000020   Code   RO         3078    i.sub32             ecp_curves.o
    0x08009638   0x00000014   Data   RO           20    .constdata          system_stm32f10x.o
    0x0800964c   0x000028a4   Data   RO          143    .constdata          aes.o
    0x0800bef0   0x000008b8   Data   RO         3079    .constdata          ecp_curves.o
    0x0800c7a8   0x00000560   Data   RO         6174    .constdata          sha512.o
    0x0800cd08   0x00000050   Data   RO         6526    .constdata          eval.o
    0x0800cd58   0x00000020   Data   RO         7579    Region$$Table       anon$$obj.o


    Execution Region RW_IRAM1 (Base: 0x20000000, Size: 0x00002128, Max: 0x00005000, ABSOLUTE)

    Base Addr    Size         Type   Attr      Idx    E Section Name        Object

    0x20000000   0x00000010   Data   RW         2750    .data               ecp.o
    0x20000010   0x0000001c   Data   RW         3080    .data               ecp_curves.o
    0x2000002c   0x00000004   Data   RW         4659    .data               platform_util.o
    0x20000030   0x00000024   Data   RW         6527    .data               eval.o
    0x20000054   0x00000004   Data   RW         6590    .data               systickdelay.o
    0x20000058   0x00000014   Data   RW         6882    .data               stm32f10x_rcc.o
    0x2000006c   0x00000004   Data   RW         7553    .data               mc_w.l(stdout.o)
    0x20000070   0x00000004   Data   RW         7560    .data               mc_w.l(mvars.o)
    0x20000074   0x00000004   Data   RW         7561    .data               mc_w.l(mvars.o)
    0x20000078   0x000004b0   Zero   RW         6357    .bss                main.o
    0x20000528   0x00001400   Zero   RW          115    HEAP                startup_stm32f10x_cl.o
    0x20001928   0x00000800   Zero   RW          114    STACK               startup_stm32f10x_cl.o


==============================================================================

Image component sizes


      Code (inc. data)   RO Data    RW Data    ZI Data      Debug   Object Name

      3400         48      10404          0          0      19421   aes.o
         0          0          0          0          0        524   aesni.o
         0          0          0          0          0       1340   arc4.o
         0          0          0          0          0       1520   asn1parse.o
      8204          0          0          0          0      36045   bignum.o
         0          0          0          0          0       4540   core_cm3.o
      1254          0          0          0          0      10211   ctr_drbg.o
       308          6          0          0          0       6796   ecdh.o
      7722         98          0         16          0      31549   ecp.o
      6552        446       2232         28          0      21173   ecp_curves.o
       720          0          0          0          0       6457   entropy.o
       320         60         80         36          0       4614   eval.o
      1174        422          0          0       1200     210703   main.o
        40         18          0          0          0       1029   misc.o
        32          6          0          4          0       1339   platform_util.o
      5262        136       1376          0          0       7951   sha512.o
        28          4        336          0       7168        808   startup_stm32f10x_cl.o
       278          0          0          0          0       1956   stm32f10x_gpio.o
        26          0          0          0          0       3374   stm32f10x_it.o
       276         32          0         20          0       4382   stm32f10x_rcc.o
       218          4          0          0          0       3880   stm32f10x_usart.o
       320         22         20          0          0      23925   system_stm32f10x.o
       148         22          0          4          0       1210   systickdelay.o
        58          0          0          0          0       1186   uart_interface.o

    ----------------------------------------------------------------------
     36386       1324      14480        108       8368     405933   Object Totals
         0          0         32          0          0          0   (incl. Generated)
        46          0          0          0          0          0   (incl. Padding)

    ----------------------------------------------------------------------

      Code (inc. data)   RO Data    RW Data    ZI Data      Debug   Library Member Name

        28          0          0          0          0         76   calloc.o
         0          0          0          0          0          0   entry.o
         0          0          0          0          0          0   entry10a.o
         0          0          0          0          0          0   entry11a.o
         8          4          0          0          0          0   entry2.o
         4          0          0          0          0          0   entry5.o
         0          0          0          0          0          0   entry7b.o
         0          0          0          0          0          0   entry8b.o
         8          4          0          0          0          0   entry9a.o
        30          0          0          0          0          0   handlers.o
        36          8          0          0          0         68   init.o
        30          0          0          0          0         68   llshl.o
        32          0          0          0          0         68   llushr.o
       188         20          0          0          0        160   malloc.o
        64          0          0          0          0         76   memmovea.o
        36          0          0          0          0        108   memseta.o
         0          0          0          8          0          0   mvars.o
      1154         54          0          0          0        352   printf8.o
         0          0          0          4          0          0   stdout.o
        14          0          0          0          0         68   strlen.o
        98          0          0          0          0         92   uldiv.o

    ----------------------------------------------------------------------
      1734         90          0         12          0       1136   Library Totals
         4          0          0          0          0          0   (incl. Padding)

    ----------------------------------------------------------------------

      Code (inc. data)   RO Data    RW Data    ZI Data      Debug   Library Name

      1730         90          0         12          0       1136   mc_w.l

    ----------------------------------------------------------------------
      1734         90          0         12          0       1136   Library Totals

    ----------------------------------------------------------------------

==============================================================================


      Code (inc. data)   RO Data    RW Data    ZI Data      Debug   

     38120       1414      14480        120       8368     397757   Grand Totals
     38120       1414      14480        120       8368     397757   ELF Image Totals
     38120       1414      14480        120          0          0   ROM Totals

==============================================================================

    Total RO  Size (Code + RO Data)                52600 (  51.37kB)
    Total RW  Size (RW Data + ZI Data)              8488 (   8.29kB)
    Total ROM Size (Code + RO Data + RW Data)      52720 (  51.48kB)

==============================================================================

