<html>
<body>
<pre>
<h1>µVision Build Log</h1>
<h2>Tool Versions:</h2>
IDE-Version: ¦ÌVision V5.22.0.0
Copyright (C) 2016 ARM Ltd and ARM Germany GmbH. All rights reserved.
License Information: 213 132, 132, LIC=QF82M-X6RTC-TGB7T-RYAMT-FX8RZ-74UW1
 
Tool Versions:
Toolchain:       MDK-ARM Plus  Version: 5.22
Toolchain Path:  D:\Keil_v5\ARM\ARMCC\Bin
C Compiler:      Armcc.exe V5.06 update 4 (build 422)
Assembler:       Armasm.exe V5.06 update 4 (build 422)
Linker/Locator:  ArmLink.exe V5.06 update 4 (build 422)
Library Manager: ArmAr.exe V5.06 update 4 (build 422)
Hex Converter:   FromElf.exe V5.06 update 4 (build 422)
CPU DLL:         SARMCM3.DLL V5.22
Dialog DLL:      DCM.DLL V1.13.9.0
Target DLL:      UL2CM3.DLL V1.159.0.0
Dialog DLL:      TCM.DLL V1.21.0.0
 
<h2>Project:</h2>
F:\mbedtls\mbedtls\ecdh.uvprojx
Project File Date:  05/25/2020

<h2>Output:</h2>
*** Using Compiler 'V5.06 update 4 (build 422)', folder: 'D:\Keil_v5\ARM\ARMCC\Bin'
Build target 'FLASH'
assembling startup_stm32f10x_cl.s...
compiling core_cm3.c...
compiling system_stm32f10x.c...
compiling arc4.c...
compiling aes.c...
compiling aesni.c...
compiling asn1parse.c...
compiling aria.c...
compiling asn1write.c...
compiling base64.c...
compiling blowfish.c...
compiling camellia.c...
compiling ccm.c...
compiling bignum.c...
compiling chachapoly.c...
compiling certs.c...
compiling chacha20.c...
compiling cmac.c...
compiling cipher_wrap.c...
compiling cipher.c...
compiling dhm.c...
compiling ctr_drbg.c...
compiling ecdh.c...
compiling ecdsa.c...
compiling des.c...
compiling ecjpake.c...
compiling entropy.c...
compiling ecp.c...
compiling ecp_curves.c...
compiling error.c...
compiling gcm.c...
compiling entropy_poll.c...
compiling hkdf.c...
compiling havege.c...
compiling hmac_drbg.c...
compiling md4.c...
compiling md2.c...
compiling md.c...
compiling net_sockets.c...
compiling md5.c...
compiling memory_buffer_alloc.c...
compiling padlock.c...
compiling oid.c...
compiling nist_kw.c...
compiling pem.c...
compiling pk.c...
compiling pk_wrap.c...
compiling pkcs5.c...
compiling pkcs11.c...
compiling pkcs12.c...
compiling platform.c...
compiling pkwrite.c...
compiling pkparse.c...
compiling poly1305.c...
compiling platform_util.c...
compiling psa_crypto_slot_management.c...
compiling psa_crypto_se.c...
compiling psa_its_file.c...
compiling psa_crypto_storage.c...
compiling psa_crypto.c...
mbedtls-development\library\psa_crypto.c(399): warning:  #111-D: statement is unreachable
              break;
mbedtls-development\library\psa_crypto.c(413): warning:  #111-D: statement is unreachable
              break;
mbedtls-development\library\psa_crypto.c(425): warning:  #111-D: statement is unreachable
              break;
mbedtls-development\library\psa_crypto.c(439): warning:  #111-D: statement is unreachable
              break;
mbedtls-development\library\psa_crypto.c: 4 warnings, 0 errors
compiling rsa.c...
compiling ripemd160.c...
compiling rsa_internal.c...
compiling sha1.c...
compiling sha256.c...
compiling sha512.c...
compiling timing.c...
compiling threading.c...
compiling version.c...
compiling xtea.c...
compiling version_features.c...
compiling main.c...
App\main.c(138): warning:  #223-D: function "strlen" declared implicitly
                                  (const uint8_t *) pers, strlen(pers));
App\main.c(151): warning:  #167-D: argument of type "char *" is incompatible with parameter of type "unsigned char *"
                              
BEDTLS_ECP_PF_UNCOMPRESSED, &olen, buf, sizeof(buf));
App\main.c(152): warning:  #167-D: argument of type "char *" is incompatible with parameter of type "uint8_t *"
      dump_buf("  1. ecdh client generate public parameter:", buf, olen);
App\main.c(161): warning:  #167-D: argument of type "char *" is incompatible with parameter of type "unsigned char *"
                              
BEDTLS_ECP_PF_UNCOMPRESSED, &olen, buf, sizeof(buf));
App\main.c(162): warning:  #167-D: argument of type "char *" is incompatible with parameter of type "uint8_t *"
      dump_buf("  2. ecdh server generate public parameter:", buf, olen);
App\main.c(171): warning:  #167-D: argument of type "char *" is incompatible with parameter of type "unsigned char *"
      mbedtls_mpi_write_binary(&cli_secret, buf, mbedtls_mpi_size(&cli_secret));
App\main.c(172): warning:  #167-D: argument of type "char *" is incompatible with parameter of type "uint8_t *"
      dump_buf("  3. ecdh client generate secret:", buf, mbedtls_mpi_size(&cli_secret));
App\main.c(182): warning:  #167-D: argument of type "char *" is incompatible with parameter of type "unsigned char *"
      mbedtls_mpi_write_binary(&srv_secret, buf, mbedtls_mpi_size(&srv_secret));
App\main.c(183): warning:  #167-D: argument of type "char *" is incompatible with parameter of type "uint8_t *"
      dump_buf("  4. ecdh server generate secret:", buf, mbedtls_mpi_size(&srv_secret));
App\main.c: 9 warnings, 0 errors
compiling stm32f10x_it.c...
compiling eval.c...
compiling SysTickDelay.c...
compiling misc.c...
compiling UART_INTERFACE.c...
compiling stm32f10x_exti.c...
compiling stm32f10x_gpio.c...
compiling stm32f10x_rcc.c...
compiling stm32f10x_usart.c...
linking...
Program Size: Code=38120 RO-data=14480 RW-data=120 ZI-data=8368  
FromELF: creating hex file...
".\Obj\LED.axf" - 0 Error(s), 13 Warning(s).

<h2>Software Packages used:</h2>

Package Vendor: ARM
                http://www.keil.com/pack/ARM.CMSIS.5.0.0.pack
                ARM::CMSIS:CORE:5.0.0
                CMSIS (Cortex Microcontroller Software Interface Standard)
   * Component: CORE Version: 5.0.0

<h2>Collection of Component include folders:</h2>
  F:\mbedtls\mbedtls\RTE\_FLASH
  D:\Keil_v5\ARM\PACK\ARM\CMSIS\5.0.0\CMSIS\Include
  D:\Keil_v5\ARM\PACK\Keil\STM32F1xx_DFP\1.1.0\Device\Include

<h2>Collection of Component Files used:</h2>

   * Component: ARM::CMSIS:CORE:5.0.0
Build Time Elapsed:  00:00:20
</pre>
</body>
</html>
